******************************************************************************
                  TI ARM Linker Unix v16.9.6                   
******************************************************************************
>> Linked Wed Feb 21 17:06:06 2018

OUTPUT FILE NAME:   <lab4_p2_t1.out>
ENTRY POINT SYMBOL: "_c_int00"  address: 00000a8d


MEMORY CONFIGURATION

         name            origin    length      used     unused   attr    fill
----------------------  --------  ---------  --------  --------  ----  --------
  FLASH                 00000000   00040000  00000f40  0003f0c0  R  X
  SRAM                  20000000   00008000  00000240  00007dc0  RW X


SEGMENT ALLOCATION MAP

run origin  load origin   length   init length attrs members
----------  ----------- ---------- ----------- ----- -------
00000000    00000000    00000f40   00000f40    r-x
  00000000    00000000    0000026c   0000026c    r-- .intvecs
  0000026c    0000026c    00000b98   00000b98    r-x .text
  00000e04    00000e04    000000fc   000000fc    r-- .const
  00000f00    00000f00    00000040   00000040    r-- .cinit
20000000    20000000    00000240   00000000    rw-
  20000000    20000000    00000200   00000000    rw- .stack
  20000200    20000200    00000020   00000000    rw- .bss
  20000220    20000220    00000020   00000000    rw- .data


SECTION ALLOCATION MAP

 output                                  attributes/
section   page    origin      length       input sections
--------  ----  ----------  ----------   ----------------
.intvecs   0    00000000    0000026c     
                  00000000    0000026c     tm4c123gh6pm_startup_ccs.obj (.intvecs)

.text      0    0000026c    00000b98     
                  0000026c    00000280     main.obj (.text)
                  000004ec    00000132     driverlib.lib : gpio.obj (.text:GPIOPadConfigSet)
                  0000061e    00000002     rtsv7M4_T_le_v4SPD16_eabi.lib : mpu_init.obj (.text)
                  00000620    00000110     driverlib.lib : sysctl.obj (.text:SysCtlClockGet)
                  00000730    000000f4                   : sysctl.obj (.text:SysCtlClockSet)
                  00000824    0000009c     rtsv7M4_T_le_v4SPD16_eabi.lib : memcpy_t2.obj (.text)
                  000008c0    0000007a     driverlib.lib : adc.obj (.text:ADCSequenceStepConfigure)
                  0000093a    0000007a     rtsv7M4_T_le_v4SPD16_eabi.lib : memset_t2.obj (.text)
                  000009b4    00000070                                   : autoinit.obj (.text)
                  00000a24    00000068                                   : copy_decompress_lzss.obj (.text:decompress:lzss)
                  00000a8c    00000054                                   : boot.obj (.text)
                  00000ae0    00000054                                   : exit.obj (.text)
                  00000b34    0000004c                                   : cpy_tbl.obj (.text)
                  00000b80    00000048     driverlib.lib : gpio.obj (.text:GPIOPinConfigure)
                  00000bc8    00000046                   : uart.obj (.text:UARTConfigSetExpClk)
                  00000c0e    0000003e                   : adc.obj (.text:ADCSequenceConfigure)
                  00000c4c    00000034                   : sysctl.obj (.text:SysCtlPeripheralEnable)
                  00000c80    0000002e                   : adc.obj (.text:ADCIntStatus)
                  00000cae    0000002a                   : gpio.obj (.text:GPIODirModeSet)
                  00000cd8    00000020                   : uart.obj (.text:UARTDisable)
                  00000cf8    0000001e                   : adc.obj (.text:ADCSequenceDataGet)
                  00000d16    00000018                   : adc.obj (.text:ADCProcessorTrigger)
                  00000d2e    00000018                   : gpio.obj (.text:GPIOPinTypeGPIOOutput)
                  00000d46    00000002     rtsv7M4_T_le_v4SPD16_eabi.lib : startup.obj (.text)
                  00000d48    00000018                                   : args_main.obj (.text)
                  00000d60    00000014     driverlib.lib : uart.obj (.text:UARTEnable)
                  00000d74    00000014     rtsv7M4_T_le_v4SPD16_eabi.lib : _lock.obj (.text)
                  00000d88    00000012     driverlib.lib : gpio.obj (.text:GPIOPinTypeADC)
                  00000d9a    00000012                   : gpio.obj (.text:GPIOPinTypeUART)
                  00000dac    0000000e                   : adc.obj (.text:ADCSequenceEnable)
                  00000dba    0000000e     rtsv7M4_T_le_v4SPD16_eabi.lib : copy_decompress_none.obj (.text:decompress:none)
                  00000dc8    0000000c                                   : copy_zero_init.obj (.text:decompress:ZI)
                  00000dd4    0000000c     tm4c123gh6pm_startup_ccs.obj (.text)
                  00000de0    0000000a     driverlib.lib : adc.obj (.text:ADCIntClear)
                  00000dea    0000000a                   : uart.obj (.text:UARTCharPut)
                  00000df4    00000006                   : gpio.obj (.text:GPIOPinWrite)
                  00000dfa    00000006                   : sysctl.obj (.text:SysCtlDelay)
                  00000e00    00000004     rtsv7M4_T_le_v4SPD16_eabi.lib : pre_init.obj (.text)

.const     0    00000e04    000000fc     
                  00000e04    00000090     driverlib.lib : gpio.obj (.const:g_pui32GPIOBaseAddrs)
                  00000e94    0000006c                   : sysctl.obj (.const:g_pui32Xtals)

.cinit     0    00000f00    00000040     
                  00000f00    00000015     (.cinit..data.load) [load image, compression = lzss]
                  00000f15    00000003     --HOLE-- [fill = 0]
                  00000f18    0000000c     (__TI_handler_table)
                  00000f24    00000004     --HOLE-- [fill = 0]
                  00000f28    00000008     (.cinit..bss.load) [load image, compression = zero_init]
                  00000f30    00000010     (__TI_cinit_table)

.init_array 
*          0    00000000    00000000     UNINITIALIZED

.bss       0    20000200    00000020     UNINITIALIZED
                  20000200    00000010     (.common:ui32ADC0ValueSeq1)
                  20000210    00000010     (.common:ui32ADC0ValueSeq2)

.data      0    20000220    00000020     UNINITIALIZED
                  20000220    0000000c     rtsv7M4_T_le_v4SPD16_eabi.lib : exit.obj (.data:$O1$$)
                  2000022c    00000008                                   : _lock.obj (.data:$O1$$)
                  20000234    00000008     main.obj (.data)
                  2000023c    00000004     rtsv7M4_T_le_v4SPD16_eabi.lib : stkdepth_vars.obj (.data)

.stack     0    20000000    00000200     UNINITIALIZED
                  20000000    00000200     --HOLE--

MODULE SUMMARY

       Module                         code   ro data   rw data
       ------                         ----   -------   -------
    ./
       main.obj                       640    0         40     
       tm4c123gh6pm_startup_ccs.obj   12     620       0      
    +--+------------------------------+------+---------+---------+
       Total:                         652    620       40     
                                                              
    /opt/ti/TivaWare_C_Series-2.1.2.111/driverlib/ccs/Debug/driverlib.lib
       sysctl.obj                     574    108       0      
       gpio.obj                       486    144       0      
       adc.obj                        308    0         0      
       uart.obj                       132    0         0      
    +--+------------------------------+------+---------+---------+
       Total:                         1500   252       0      
                                                              
    /opt/ti/ccsv7/tools/compiler/ti-cgt-arm_16.9.6.LTS/lib/rtsv7M4_T_le_v4SPD16_eabi.lib
       memcpy_t2.obj                  156    0         0      
       memset_t2.obj                  122    0         0      
       autoinit.obj                   112    0         0      
       copy_decompress_lzss.obj       104    0         0      
       exit.obj                       84     0         12     
       boot.obj                       84     0         0      
       cpy_tbl.obj                    76     0         0      
       _lock.obj                      20     0         8      
       args_main.obj                  24     0         0      
       copy_decompress_none.obj       14     0         0      
       copy_zero_init.obj             12     0         0      
       pre_init.obj                   4      0         0      
       stkdepth_vars.obj              0      0         4      
       mpu_init.obj                   2      0         0      
       startup.obj                    2      0         0      
    +--+------------------------------+------+---------+---------+
       Total:                         816    0         24     
                                                              
       Stack:                         0      0         512    
       Linker Generated:              0      57        0      
    +--+------------------------------+------+---------+---------+
       Grand Total:                   2968   929       576    


LINKER GENERATED COPY TABLES

__TI_cinit_table @ 00000f30 records: 2, size/record: 8, table size: 16
	.data: load addr=00000f00, load size=00000015 bytes, run addr=20000220, run size=00000020 bytes, compression=lzss
	.bss: load addr=00000f28, load size=00000008 bytes, run addr=20000200, run size=00000020 bytes, compression=zero_init


LINKER GENERATED HANDLER TABLE

__TI_handler_table @ 00000f18 records: 3, size/record: 4, table size: 12
	index: 0, handler: __TI_decompress_lzss
	index: 1, handler: __TI_decompress_none
	index: 2, handler: __TI_zero_init


GLOBAL SYMBOLS: SORTED ALPHABETICALLY BY Name 

address   name                           
-------   ----                           
00000de1  ADCIntClear                    
00000c81  ADCIntStatus                   
00000d17  ADCProcessorTrigger            
00000c0f  ADCSequenceConfigure           
00000cf9  ADCSequenceDataGet             
00000dad  ADCSequenceEnable              
000008c1  ADCSequenceStepConfigure       
00000ae1  C$$EXIT                        
00000caf  GPIODirModeSet                 
000004ed  GPIOPadConfigSet               
00000b81  GPIOPinConfigure               
00000d89  GPIOPinTypeADC                 
00000d2f  GPIOPinTypeGPIOOutput          
00000d9b  GPIOPinTypeUART                
00000df5  GPIOPinWrite                   
20000234  JoyStick_Horizontal_ADC_Value  
20000238  JoyStick_Vertical_ADC_Value    
00000dd5  ResetISR                       
UNDEFED   SHT$$INIT_ARRAY$$Base          
UNDEFED   SHT$$INIT_ARRAY$$Limit         
00000621  SysCtlClockGet                 
00000731  SysCtlClockSet                 
00000dfb  SysCtlDelay                    
00000c4d  SysCtlPeripheralEnable         
00000deb  UARTCharPut                    
00000bc9  UARTConfigSetExpClk            
00000cd9  UARTDisable                    
00000d61  UARTEnable                     
20000200  __STACK_END                    
00000200  __STACK_SIZE                   
20000200  __STACK_TOP                    
00000f30  __TI_CINIT_Base                
00000f40  __TI_CINIT_Limit               
00000f18  __TI_Handler_Table_Base        
00000f24  __TI_Handler_Table_Limit       
000009b5  __TI_auto_init                 
20000220  __TI_cleanup_ptr               
00000a25  __TI_decompress_lzss           
00000dbb  __TI_decompress_none           
20000224  __TI_dtors_ptr                 
20000228  __TI_enable_exit_profile_output
ffffffff  __TI_pprof_out_hndl            
ffffffff  __TI_prof_data_size            
ffffffff  __TI_prof_data_start           
00000000  __TI_static_base__             
00000dc9  __TI_zero_init                 
0000093b  __aeabi_memclr                 
0000093b  __aeabi_memclr4                
0000093b  __aeabi_memclr8                
00000825  __aeabi_memcpy                 
00000825  __aeabi_memcpy4                
00000825  __aeabi_memcpy8                
0000093d  __aeabi_memset                 
0000093d  __aeabi_memset4                
0000093d  __aeabi_memset8                
ffffffff  __binit__                      
ffffffff  __c_args__                     
0000061f  __mpu_init                     
20000000  __stack                        
00000d49  _args_main                     
00000a8d  _c_int00                       
2000022c  _lock                          
00000d83  _nop                           
00000d7b  _register_lock                 
00000d75  _register_unlock               
00000d47  _system_post_cinit             
00000e01  _system_pre_init               
20000230  _unlock                        
00000ae5  abort                          
000002f5  adc_init                       
ffffffff  binit                          
00000b35  copy_in                        
00000aed  exit                           
00000000  g_pfnVectors                   
00000387  main                           
2000023c  main_func_sp                   
00000825  memcpy                         
00000943  memset                         
0000026d  uart_init                      
000002a7  uart_num_put                   
20000200  ui32ADC0ValueSeq1              
20000210  ui32ADC0ValueSeq2              


GLOBAL SYMBOLS: SORTED BY Symbol Address 

address   name                           
-------   ----                           
00000000  __TI_static_base__             
00000000  g_pfnVectors                   
00000200  __STACK_SIZE                   
0000026d  uart_init                      
000002a7  uart_num_put                   
000002f5  adc_init                       
00000387  main                           
000004ed  GPIOPadConfigSet               
0000061f  __mpu_init                     
00000621  SysCtlClockGet                 
00000731  SysCtlClockSet                 
00000825  __aeabi_memcpy                 
00000825  __aeabi_memcpy4                
00000825  __aeabi_memcpy8                
00000825  memcpy                         
000008c1  ADCSequenceStepConfigure       
0000093b  __aeabi_memclr                 
0000093b  __aeabi_memclr4                
0000093b  __aeabi_memclr8                
0000093d  __aeabi_memset                 
0000093d  __aeabi_memset4                
0000093d  __aeabi_memset8                
00000943  memset                         
000009b5  __TI_auto_init                 
00000a25  __TI_decompress_lzss           
00000a8d  _c_int00                       
00000ae1  C$$EXIT                        
00000ae5  abort                          
00000aed  exit                           
00000b35  copy_in                        
00000b81  GPIOPinConfigure               
00000bc9  UARTConfigSetExpClk            
00000c0f  ADCSequenceConfigure           
00000c4d  SysCtlPeripheralEnable         
00000c81  ADCIntStatus                   
00000caf  GPIODirModeSet                 
00000cd9  UARTDisable                    
00000cf9  ADCSequenceDataGet             
00000d17  ADCProcessorTrigger            
00000d2f  GPIOPinTypeGPIOOutput          
00000d47  _system_post_cinit             
00000d49  _args_main                     
00000d61  UARTEnable                     
00000d75  _register_unlock               
00000d7b  _register_lock                 
00000d83  _nop                           
00000d89  GPIOPinTypeADC                 
00000d9b  GPIOPinTypeUART                
00000dad  ADCSequenceEnable              
00000dbb  __TI_decompress_none           
00000dc9  __TI_zero_init                 
00000dd5  ResetISR                       
00000de1  ADCIntClear                    
00000deb  UARTCharPut                    
00000df5  GPIOPinWrite                   
00000dfb  SysCtlDelay                    
00000e01  _system_pre_init               
00000f18  __TI_Handler_Table_Base        
00000f24  __TI_Handler_Table_Limit       
00000f30  __TI_CINIT_Base                
00000f40  __TI_CINIT_Limit               
20000000  __stack                        
20000200  __STACK_END                    
20000200  __STACK_TOP                    
20000200  ui32ADC0ValueSeq1              
20000210  ui32ADC0ValueSeq2              
20000220  __TI_cleanup_ptr               
20000224  __TI_dtors_ptr                 
20000228  __TI_enable_exit_profile_output
2000022c  _lock                          
20000230  _unlock                        
20000234  JoyStick_Horizontal_ADC_Value  
20000238  JoyStick_Vertical_ADC_Value    
2000023c  main_func_sp                   
ffffffff  __TI_pprof_out_hndl            
ffffffff  __TI_prof_data_size            
ffffffff  __TI_prof_data_start           
ffffffff  __binit__                      
ffffffff  __c_args__                     
ffffffff  binit                          
UNDEFED   SHT$$INIT_ARRAY$$Base          
UNDEFED   SHT$$INIT_ARRAY$$Limit         

[82 symbols]
