******************************************************************************
                  TI ARM Linker Unix v16.9.6                   
******************************************************************************
>> Linked Wed Feb 14 03:13:10 2018

OUTPUT FILE NAME:   <lab5_p2_t1.out>
ENTRY POINT SYMBOL: "_c_int00"  address: 000023b1


MEMORY CONFIGURATION

         name            origin    length      used     unused   attr    fill
----------------------  --------  ---------  --------  --------  ----  --------
  FLASH                 00000000   00040000  000028a0  0003d760  R  X
  SRAM                  20000000   00008000  00000249  00007db7  RW X


SEGMENT ALLOCATION MAP

run origin  load origin   length   init length attrs members
----------  ----------- ---------- ----------- ----- -------
00000000    00000000    000028a0   000028a0    r-x
  00000000    00000000    0000026c   0000026c    r-- .intvecs
  0000026c    0000026c    000024e4   000024e4    r-x .text
  00002750    00002750    00000110   00000110    r-- .const
  00002860    00002860    00000040   00000040    r-- .cinit
20000000    20000000    0000024c   00000000    rw-
  20000000    20000000    00000200   00000000    rw- .stack
  20000200    20000200    00000025   00000000    rw- .bss
  20000228    20000228    00000024   00000000    rw- .data


SECTION ALLOCATION MAP

 output                                  attributes/
section   page    origin      length       input sections
--------  ----  ----------  ----------   ----------------
.intvecs   0    00000000    0000026c     
                  00000000    0000026c     tm4c123gh6pm_startup_ccs.obj (.intvecs)

.text      0    0000026c    000024e4     
                  0000026c    000009d0     main.obj (.text)
                  00000c3c    000009ac     rtsv7M4_T_le_v4SPD16_eabi.lib : e_pow.obj (.text)
                  000015e8    000001b6                                   : fd_add_t2.obj (.text)
                  0000179e    00000002                                   : mpu_init.obj (.text)
                  000017a0    00000170                                   : e_sqrt.obj (.text)
                  00001910    00000136                                   : fd_div_t2.obj (.text)
                  00001a46    00000132     driverlib.lib : gpio.obj (.text:GPIOPadConfigSet)
                  00001b78    00000110                   : sysctl.obj (.text:SysCtlClockGet)
                  00001c88    000000fc     rtsv7M4_T_le_v4SPD16_eabi.lib : fd_mul_t2.obj (.text)
                  00001d84    000000fc                                   : s_scalbn.obj (.text)
                  00001e80    000000f4     driverlib.lib : sysctl.obj (.text:SysCtlClockSet)
                  00001f74    0000009c     rtsv7M4_T_le_v4SPD16_eabi.lib : memcpy_t2.obj (.text)
                  00002010    00000086                                   : fd_cmp_t2.obj (.text:__aeabi_cdcmple)
                  00002096    00000086                                   : fd_cmp_t2.obj (.text:__aeabi_cdrcmple)
                  0000211c    0000007a     driverlib.lib : adc.obj (.text:ADCSequenceStepConfigure)
                  00002196    0000007a     rtsv7M4_T_le_v4SPD16_eabi.lib : memset_t2.obj (.text)
                  00002210    00000070                                   : autoinit.obj (.text)
                  00002280    00000068     driverlib.lib : interrupt.obj (.text:IntEnable)
                  000022e8    00000068     rtsv7M4_T_le_v4SPD16_eabi.lib : copy_decompress_lzss.obj (.text:decompress:lzss)
                  00002350    00000060     driverlib.lib : timer.obj (.text:TimerConfigure)
                  000023b0    00000054     rtsv7M4_T_le_v4SPD16_eabi.lib : boot.obj (.text)
                  00002404    00000054                                   : exit.obj (.text)
                  00002458    0000004c                                   : cpy_tbl.obj (.text)
                  000024a4    00000044                                   : fd_tou_t2.obj (.text)
                  000024e8    0000003e     driverlib.lib : adc.obj (.text:ADCSequenceConfigure)
                  00002526    00000002     rtsv7M4_T_le_v4SPD16_eabi.lib : startup.obj (.text)
                  00002528    00000034     driverlib.lib : sysctl.obj (.text:SysCtlPeripheralEnable)
                  0000255c    0000002e                   : adc.obj (.text:ADCIntStatus)
                  0000258a    0000002e     rtsv7M4_T_le_v4SPD16_eabi.lib : i_tofd_t2.obj (.text)
                  000025b8    0000002a     driverlib.lib : gpio.obj (.text:GPIODirModeSet)
                  000025e2    00000020     rtsv7M4_T_le_v4SPD16_eabi.lib : u_tofd_t2.obj (.text)
                  00002602    0000001e     driverlib.lib : adc.obj (.text:ADCSequenceDataGet)
                  00002620    00000018                   : adc.obj (.text:ADCProcessorTrigger)
                  00002638    00000018                   : gpio.obj (.text:GPIOPinTypeGPIOOutput)
                  00002650    00000018                   : timer.obj (.text:TimerDisable)
                  00002668    00000018     rtsv7M4_T_le_v4SPD16_eabi.lib : args_main.obj (.text)
                  00002680    00000014                                   : _lock.obj (.text)
                  00002694    00000014                                   : s_copysign.obj (.text)
                  000026a8    00000012     driverlib.lib : gpio.obj (.text:GPIOPinTypeADC)
                  000026ba    00000012                   : timer.obj (.text:TimerLoadSet)
                  000026cc    00000010                   : interrupt.obj (.text:IntMasterEnable)
                  000026dc    0000000e                   : adc.obj (.text:ADCSequenceEnable)
                  000026ea    0000000e                   : timer.obj (.text:TimerEnable)
                  000026f8    0000000e     rtsv7M4_T_le_v4SPD16_eabi.lib : copy_decompress_none.obj (.text:decompress:none)
                  00002706    0000000c     driverlib.lib : cpu.obj (.text:CPUcpsie)
                  00002712    0000000c     rtsv7M4_T_le_v4SPD16_eabi.lib : copy_zero_init.obj (.text:decompress:ZI)
                  0000271e    0000000c     tm4c123gh6pm_startup_ccs.obj (.text)
                  0000272a    0000000a     driverlib.lib : adc.obj (.text:ADCIntClear)
                  00002734    00000008                   : timer.obj (.text:TimerIntEnable)
                  0000273c    00000006                   : gpio.obj (.text:GPIOPinWrite)
                  00002742    00000006                   : sysctl.obj (.text:SysCtlDelay)
                  00002748    00000004                   : timer.obj (.text:TimerIntClear)
                  0000274c    00000004     rtsv7M4_T_le_v4SPD16_eabi.lib : pre_init.obj (.text)

.const     0    00002750    00000110     
                  00002750    00000070     driverlib.lib : interrupt.obj (.const)
                  000027c0    0000006c                   : sysctl.obj (.const:g_pui32Xtals)
                  0000282c    00000004     --HOLE-- [fill = 0]
                  00002830    00000030     rtsv7M4_T_le_v4SPD16_eabi.lib : e_pow.obj (.const:$O1$$)

.cinit     0    00002860    00000040     
                  00002860    00000015     (.cinit..data.load) [load image, compression = lzss]
                  00002875    00000003     --HOLE-- [fill = 0]
                  00002878    0000000c     (__TI_handler_table)
                  00002884    00000004     --HOLE-- [fill = 0]
                  00002888    00000008     (.cinit..bss.load) [load image, compression = zero_init]
                  00002890    00000010     (__TI_cinit_table)

.init_array 
*          0    00000000    00000000     UNINITIALIZED

.bss       0    20000200    00000025     UNINITIALIZED
                  20000200    00000010     (.common:ui32ADC0ValueSeq1)
                  20000210    00000010     (.common:ui32ADC0ValueSeq2)
                  20000220    00000001     (.common:Dot_Pos_x)
                  20000221    00000001     (.common:Dot_Pos_y)
                  20000222    00000001     (.common:x_pos)
                  20000223    00000001     (.common:y_page)
                  20000224    00000001     (.common:y_pos)

.data      0    20000228    00000024     UNINITIALIZED
                  20000228    0000000c     rtsv7M4_T_le_v4SPD16_eabi.lib : exit.obj (.data:$O1$$)
                  20000234    00000008                                   : _lock.obj (.data:$O1$$)
                  2000023c    00000008     main.obj (.data)
                  20000244    00000004     rtsv7M4_T_le_v4SPD16_eabi.lib : errno.obj (.data)
                  20000248    00000004                                   : stkdepth_vars.obj (.data)

.stack     0    20000000    00000200     UNINITIALIZED
                  20000000    00000200     --HOLE--

MODULE SUMMARY

       Module                         code   ro data   rw data
       ------                         ----   -------   -------
    ./
       main.obj                       2512   0         45     
       tm4c123gh6pm_startup_ccs.obj   12     620       0      
    +--+------------------------------+------+---------+---------+
       Total:                         2524   620       45     
                                                              
    /opt/ti/TivaWare_C_Series-2.1.2.111/driverlib/ccs/Debug/driverlib.lib
       sysctl.obj                     574    108       0      
       gpio.obj                       396    0         0      
       adc.obj                        308    0         0      
       interrupt.obj                  120    112       0      
       timer.obj                      164    0         0      
       cpu.obj                        12     0         0      
    +--+------------------------------+------+---------+---------+
       Total:                         1574   220       0      
                                                              
    /opt/ti/ccsv7/tools/compiler/ti-cgt-arm_16.9.6.LTS/lib/rtsv7M4_T_le_v4SPD16_eabi.lib
       e_pow.obj                      2476   48        0      
       fd_add_t2.obj                  438    0         0      
       e_sqrt.obj                     368    0         0      
       fd_div_t2.obj                  310    0         0      
       fd_cmp_t2.obj                  268    0         0      
       fd_mul_t2.obj                  252    0         0      
       s_scalbn.obj                   252    0         0      
       memcpy_t2.obj                  156    0         0      
       memset_t2.obj                  122    0         0      
       autoinit.obj                   112    0         0      
       copy_decompress_lzss.obj       104    0         0      
       exit.obj                       84     0         12     
       boot.obj                       84     0         0      
       cpy_tbl.obj                    76     0         0      
       fd_tou_t2.obj                  68     0         0      
       i_tofd_t2.obj                  46     0         0      
       u_tofd_t2.obj                  32     0         0      
       _lock.obj                      20     0         8      
       args_main.obj                  24     0         0      
       s_copysign.obj                 20     0         0      
       copy_decompress_none.obj       14     0         0      
       copy_zero_init.obj             12     0         0      
       errno.obj                      0      0         4      
       pre_init.obj                   4      0         0      
       stkdepth_vars.obj              0      0         4      
       mpu_init.obj                   2      0         0      
       startup.obj                    2      0         0      
    +--+------------------------------+------+---------+---------+
       Total:                         5346   48        28     
                                                              
       Stack:                         0      0         512    
       Linker Generated:              0      57        0      
    +--+------------------------------+------+---------+---------+
       Grand Total:                   9444   945       585    


LINKER GENERATED COPY TABLES

__TI_cinit_table @ 00002890 records: 2, size/record: 8, table size: 16
	.data: load addr=00002860, load size=00000015 bytes, run addr=20000228, run size=00000024 bytes, compression=lzss
	.bss: load addr=00002888, load size=00000008 bytes, run addr=20000200, run size=00000025 bytes, compression=zero_init


LINKER GENERATED HANDLER TABLE

__TI_handler_table @ 00002878 records: 3, size/record: 4, table size: 12
	index: 0, handler: __TI_decompress_lzss
	index: 1, handler: __TI_decompress_none
	index: 2, handler: __TI_zero_init


GLOBAL SYMBOLS: SORTED ALPHABETICALLY BY Name 

address   name                           
-------   ----                           
0000272b  ADCIntClear                    
0000255d  ADCIntStatus                   
00002621  ADCProcessorTrigger            
000024e9  ADCSequenceConfigure           
00002603  ADCSequenceDataGet             
000026dd  ADCSequenceEnable              
0000211d  ADCSequenceStepConfigure       
00002405  C$$EXIT                        
00002707  CPUcpsie                       
20000220  Dot_Pos_x                      
20000221  Dot_Pos_y                      
000025b9  GPIODirModeSet                 
00001a47  GPIOPadConfigSet               
000026a9  GPIOPinTypeADC                 
00002639  GPIOPinTypeGPIOOutput          
0000273d  GPIOPinWrite                   
00002281  IntEnable                      
000026cd  IntMasterEnable                
2000023c  JoyStick_Horizontal_ADC_Value  
20000240  JoyStick_Vertical_ADC_Value    
00000a09  Joystick_read                  
0000271f  ResetISR                       
UNDEFED   SHT$$INIT_ARRAY$$Base          
UNDEFED   SHT$$INIT_ARRAY$$Limit         
00001b79  SysCtlClockGet                 
00001e81  SysCtlClockSet                 
00002743  SysCtlDelay                    
00002529  SysCtlPeripheralEnable         
00000a95  Timer0IntHandler               
00002351  TimerConfigure                 
00002651  TimerDisable                   
000026eb  TimerEnable                    
00002749  TimerIntClear                  
00002735  TimerIntEnable                 
000026bb  TimerLoadSet                   
20000200  __STACK_END                    
00000200  __STACK_SIZE                   
20000200  __STACK_TOP                    
00002890  __TI_CINIT_Base                
000028a0  __TI_CINIT_Limit               
00002878  __TI_Handler_Table_Base        
00002884  __TI_Handler_Table_Limit       
00002211  __TI_auto_init                 
20000228  __TI_cleanup_ptr               
000022e9  __TI_decompress_lzss           
000026f9  __TI_decompress_none           
2000022c  __TI_dtors_ptr                 
20000230  __TI_enable_exit_profile_output
ffffffff  __TI_pprof_out_hndl            
ffffffff  __TI_prof_data_size            
ffffffff  __TI_prof_data_start           
00000000  __TI_static_base__             
00002713  __TI_zero_init                 
00002011  __aeabi_cdcmpeq                
00002011  __aeabi_cdcmple                
00002097  __aeabi_cdrcmple               
000024a5  __aeabi_d2uiz                  
000015f3  __aeabi_dadd                   
00001911  __aeabi_ddiv                   
00001c89  __aeabi_dmul                   
000015e9  __aeabi_dsub                   
0000258b  __aeabi_i2d                    
00002197  __aeabi_memclr                 
00002197  __aeabi_memclr4                
00002197  __aeabi_memclr8                
00001f75  __aeabi_memcpy                 
00001f75  __aeabi_memcpy4                
00001f75  __aeabi_memcpy8                
00002199  __aeabi_memset                 
00002199  __aeabi_memset4                
00002199  __aeabi_memset8                
000025e3  __aeabi_ui2d                   
ffffffff  __binit__                      
ffffffff  __c_args__                     
0000179f  __mpu_init                     
20000000  __stack                        
00002669  _args_main                     
000023b1  _c_int00                       
20000234  _lock                          
0000268f  _nop                           
00002687  _register_lock                 
00002681  _register_unlock               
00002527  _system_post_cinit             
0000274d  _system_pre_init               
20000238  _unlock                        
00002409  abort                          
0000091d  adc_init                       
ffffffff  binit                          
00002459  copy_in                        
00002695  copysign                       
00002695  copysignl                      
20000244  errno                          
00002411  exit                           
00000000  g_pfnVectors                   
000004fd  glcd_ClearDot                  
00000649  glcd_DisplayBlock              
0000055d  glcd_DisplayDot                
000004b9  glcd_DisplayLineP1             
0000045f  glcd_cleardisplay              
0000026d  glcd_cmd                       
000002c7  glcd_data                      
00000321  glcd_init                      
0000040d  glcd_setcolumn                 
000003c9  glcd_setpage                   
00001d85  ldexp                          
00001d85  ldexpl                         
00000ab9  main                           
20000248  main_func_sp                   
00001f75  memcpy                         
0000219f  memset                         
00000c3d  pow                            
00000c3d  powl                           
00001d85  scalbn                         
00001d85  scalbnl                        
000017a1  sqrt                           
000017a1  sqrtl                          
000009c5  timer0_init                    
20000200  ui32ADC0ValueSeq1              
20000210  ui32ADC0ValueSeq2              
20000222  x_pos                          
20000223  y_page                         
20000224  y_pos                          


GLOBAL SYMBOLS: SORTED BY Symbol Address 

address   name                           
-------   ----                           
00000000  __TI_static_base__             
00000000  g_pfnVectors                   
00000200  __STACK_SIZE                   
0000026d  glcd_cmd                       
000002c7  glcd_data                      
00000321  glcd_init                      
000003c9  glcd_setpage                   
0000040d  glcd_setcolumn                 
0000045f  glcd_cleardisplay              
000004b9  glcd_DisplayLineP1             
000004fd  glcd_ClearDot                  
0000055d  glcd_DisplayDot                
00000649  glcd_DisplayBlock              
0000091d  adc_init                       
000009c5  timer0_init                    
00000a09  Joystick_read                  
00000a95  Timer0IntHandler               
00000ab9  main                           
00000c3d  pow                            
00000c3d  powl                           
000015e9  __aeabi_dsub                   
000015f3  __aeabi_dadd                   
0000179f  __mpu_init                     
000017a1  sqrt                           
000017a1  sqrtl                          
00001911  __aeabi_ddiv                   
00001a47  GPIOPadConfigSet               
00001b79  SysCtlClockGet                 
00001c89  __aeabi_dmul                   
00001d85  ldexp                          
00001d85  ldexpl                         
00001d85  scalbn                         
00001d85  scalbnl                        
00001e81  SysCtlClockSet                 
00001f75  __aeabi_memcpy                 
00001f75  __aeabi_memcpy4                
00001f75  __aeabi_memcpy8                
00001f75  memcpy                         
00002011  __aeabi_cdcmpeq                
00002011  __aeabi_cdcmple                
00002097  __aeabi_cdrcmple               
0000211d  ADCSequenceStepConfigure       
00002197  __aeabi_memclr                 
00002197  __aeabi_memclr4                
00002197  __aeabi_memclr8                
00002199  __aeabi_memset                 
00002199  __aeabi_memset4                
00002199  __aeabi_memset8                
0000219f  memset                         
00002211  __TI_auto_init                 
00002281  IntEnable                      
000022e9  __TI_decompress_lzss           
00002351  TimerConfigure                 
000023b1  _c_int00                       
00002405  C$$EXIT                        
00002409  abort                          
00002411  exit                           
00002459  copy_in                        
000024a5  __aeabi_d2uiz                  
000024e9  ADCSequenceConfigure           
00002527  _system_post_cinit             
00002529  SysCtlPeripheralEnable         
0000255d  ADCIntStatus                   
0000258b  __aeabi_i2d                    
000025b9  GPIODirModeSet                 
000025e3  __aeabi_ui2d                   
00002603  ADCSequenceDataGet             
00002621  ADCProcessorTrigger            
00002639  GPIOPinTypeGPIOOutput          
00002651  TimerDisable                   
00002669  _args_main                     
00002681  _register_unlock               
00002687  _register_lock                 
0000268f  _nop                           
00002695  copysign                       
00002695  copysignl                      
000026a9  GPIOPinTypeADC                 
000026bb  TimerLoadSet                   
000026cd  IntMasterEnable                
000026dd  ADCSequenceEnable              
000026eb  TimerEnable                    
000026f9  __TI_decompress_none           
00002707  CPUcpsie                       
00002713  __TI_zero_init                 
0000271f  ResetISR                       
0000272b  ADCIntClear                    
00002735  TimerIntEnable                 
0000273d  GPIOPinWrite                   
00002743  SysCtlDelay                    
00002749  TimerIntClear                  
0000274d  _system_pre_init               
00002878  __TI_Handler_Table_Base        
00002884  __TI_Handler_Table_Limit       
00002890  __TI_CINIT_Base                
000028a0  __TI_CINIT_Limit               
20000000  __stack                        
20000200  __STACK_END                    
20000200  __STACK_TOP                    
20000200  ui32ADC0ValueSeq1              
20000210  ui32ADC0ValueSeq2              
20000220  Dot_Pos_x                      
20000221  Dot_Pos_y                      
20000222  x_pos                          
20000223  y_page                         
20000224  y_pos                          
20000228  __TI_cleanup_ptr               
2000022c  __TI_dtors_ptr                 
20000230  __TI_enable_exit_profile_output
20000234  _lock                          
20000238  _unlock                        
2000023c  JoyStick_Horizontal_ADC_Value  
20000240  JoyStick_Vertical_ADC_Value    
20000244  errno                          
20000248  main_func_sp                   
ffffffff  __TI_pprof_out_hndl            
ffffffff  __TI_prof_data_size            
ffffffff  __TI_prof_data_start           
ffffffff  __binit__                      
ffffffff  __c_args__                     
ffffffff  binit                          
UNDEFED   SHT$$INIT_ARRAY$$Base          
UNDEFED   SHT$$INIT_ARRAY$$Limit         

[122 symbols]
