******************************************************************************
                  TI ARM Linker Unix v16.9.6                   
******************************************************************************
>> Linked Wed Feb  7 03:54:19 2018

OUTPUT FILE NAME:   <lab4_p1_t1.out>
ENTRY POINT SYMBOL: "_c_int00"  address: 00000891


MEMORY CONFIGURATION

         name            origin    length      used     unused   attr    fill
----------------------  --------  ---------  --------  --------  ----  --------
  FLASH                 00000000   00040000  00000b6c  0003f494  R  X
  SRAM                  20000000   00008000  00000240  00007dc0  RW X


SEGMENT ALLOCATION MAP

run origin  load origin   length   init length attrs members
----------  ----------- ---------- ----------- ----- -------
00000000    00000000    00000b70   00000b70    r-x
  00000000    00000000    0000026c   0000026c    r-- .intvecs
  0000026c    0000026c    000008c0   000008c0    r-x .text
  00000b30    00000b30    00000040   00000040    r-- .cinit
20000000    20000000    00000240   00000000    rw-
  20000000    20000000    00000200   00000000    rw- .stack
  20000200    20000200    00000020   00000000    rw- .bss
  20000220    20000220    00000020   00000000    rw- .data


SECTION ALLOCATION MAP

 output                                  attributes/
section   page    origin      length       input sections
--------  ----  ----------  ----------   ----------------
.intvecs   0    00000000    0000026c     
                  00000000    0000026c     tm4c123gh6pm_startup_ccs.obj (.intvecs)

.text      0    0000026c    000008c0     
                  0000026c    00000194     main.obj (.text)
                  00000400    00000132     driverlib.lib : gpio.obj (.text:GPIOPadConfigSet)
                  00000532    00000002     rtsv7M4_T_le_v4SPD16_eabi.lib : mpu_init.obj (.text)
                  00000534    000000f4     driverlib.lib : sysctl.obj (.text:SysCtlClockSet)
                  00000628    0000009c     rtsv7M4_T_le_v4SPD16_eabi.lib : memcpy_t2.obj (.text)
                  000006c4    0000007a     driverlib.lib : adc.obj (.text:ADCSequenceStepConfigure)
                  0000073e    0000007a     rtsv7M4_T_le_v4SPD16_eabi.lib : memset_t2.obj (.text)
                  000007b8    00000070                                   : autoinit.obj (.text)
                  00000828    00000068                                   : copy_decompress_lzss.obj (.text:decompress:lzss)
                  00000890    00000054                                   : boot.obj (.text)
                  000008e4    00000054                                   : exit.obj (.text)
                  00000938    0000004c                                   : cpy_tbl.obj (.text)
                  00000984    0000003e     driverlib.lib : adc.obj (.text:ADCSequenceConfigure)
                  000009c2    00000002     rtsv7M4_T_le_v4SPD16_eabi.lib : startup.obj (.text)
                  000009c4    00000034     driverlib.lib : sysctl.obj (.text:SysCtlPeripheralEnable)
                  000009f8    0000002e                   : adc.obj (.text:ADCIntStatus)
                  00000a26    0000002a                   : gpio.obj (.text:GPIODirModeSet)
                  00000a50    0000001e                   : adc.obj (.text:ADCSequenceDataGet)
                  00000a6e    00000018                   : adc.obj (.text:ADCProcessorTrigger)
                  00000a86    00000018                   : gpio.obj (.text:GPIOPinTypeGPIOOutput)
                  00000a9e    00000002     --HOLE-- [fill = 0]
                  00000aa0    00000018     rtsv7M4_T_le_v4SPD16_eabi.lib : args_main.obj (.text)
                  00000ab8    00000014                                   : _lock.obj (.text)
                  00000acc    00000012     driverlib.lib : gpio.obj (.text:GPIOPinTypeADC)
                  00000ade    0000000e                   : adc.obj (.text:ADCSequenceEnable)
                  00000aec    0000000e     rtsv7M4_T_le_v4SPD16_eabi.lib : copy_decompress_none.obj (.text:decompress:none)
                  00000afa    0000000c                                   : copy_zero_init.obj (.text:decompress:ZI)
                  00000b06    0000000c     tm4c123gh6pm_startup_ccs.obj (.text)
                  00000b12    0000000a     driverlib.lib : adc.obj (.text:ADCIntClear)
                  00000b1c    00000006                   : gpio.obj (.text:GPIOPinWrite)
                  00000b22    00000006                   : sysctl.obj (.text:SysCtlDelay)
                  00000b28    00000004     rtsv7M4_T_le_v4SPD16_eabi.lib : pre_init.obj (.text)

.cinit     0    00000b30    00000040     
                  00000b30    00000015     (.cinit..data.load) [load image, compression = lzss]
                  00000b45    00000003     --HOLE-- [fill = 0]
                  00000b48    0000000c     (__TI_handler_table)
                  00000b54    00000004     --HOLE-- [fill = 0]
                  00000b58    00000008     (.cinit..bss.load) [load image, compression = zero_init]
                  00000b60    00000010     (__TI_cinit_table)

.init_array 
*          0    00000000    00000000     UNINITIALIZED

.bss       0    20000200    00000020     UNINITIALIZED
                  20000200    00000010     (.common:ui32ADC0ValueSeq1)
                  20000210    00000010     (.common:ui32ADC0ValueSeq2)

.data      0    20000220    00000020     UNINITIALIZED
                  20000220    0000000c     rtsv7M4_T_le_v4SPD16_eabi.lib : exit.obj (.data:$O1$$)
                  2000022c    00000008                                   : _lock.obj (.data:$O1$$)
                  20000234    00000008     main.obj (.data)
                  2000023c    00000004     rtsv7M4_T_le_v4SPD16_eabi.lib : stkdepth_vars.obj (.data)

.stack     0    20000000    00000200     UNINITIALIZED
                  20000000    00000200     --HOLE--

MODULE SUMMARY

       Module                         code   ro data   rw data
       ------                         ----   -------   -------
    ./
       tm4c123gh6pm_startup_ccs.obj   12     620       0      
       main.obj                       404    0         40     
    +--+------------------------------+------+---------+---------+
       Total:                         416    620       40     
                                                              
    /opt/ti/TivaWare_C_Series-2.1.2.111/driverlib/ccs/Debug/driverlib.lib
       gpio.obj                       396    0         0      
       adc.obj                        308    0         0      
       sysctl.obj                     302    0         0      
    +--+------------------------------+------+---------+---------+
       Total:                         1006   0         0      
                                                              
    /opt/ti/ccsv7/tools/compiler/ti-cgt-arm_16.9.6.LTS/lib/rtsv7M4_T_le_v4SPD16_eabi.lib
       memcpy_t2.obj                  156    0         0      
       memset_t2.obj                  122    0         0      
       autoinit.obj                   112    0         0      
       copy_decompress_lzss.obj       104    0         0      
       exit.obj                       84     0         12     
       boot.obj                       84     0         0      
       cpy_tbl.obj                    76     0         0      
       _lock.obj                      20     0         8      
       args_main.obj                  24     0         0      
       copy_decompress_none.obj       14     0         0      
       copy_zero_init.obj             12     0         0      
       pre_init.obj                   4      0         0      
       stkdepth_vars.obj              0      0         4      
       mpu_init.obj                   2      0         0      
       startup.obj                    2      0         0      
    +--+------------------------------+------+---------+---------+
       Total:                         816    0         24     
                                                              
       Stack:                         0      0         512    
       Linker Generated:              0      57        0      
    +--+------------------------------+------+---------+---------+
       Grand Total:                   2238   677       576    


LINKER GENERATED COPY TABLES

__TI_cinit_table @ 00000b60 records: 2, size/record: 8, table size: 16
	.data: load addr=00000b30, load size=00000015 bytes, run addr=20000220, run size=00000020 bytes, compression=lzss
	.bss: load addr=00000b58, load size=00000008 bytes, run addr=20000200, run size=00000020 bytes, compression=zero_init


LINKER GENERATED HANDLER TABLE

__TI_handler_table @ 00000b48 records: 3, size/record: 4, table size: 12
	index: 0, handler: __TI_decompress_lzss
	index: 1, handler: __TI_decompress_none
	index: 2, handler: __TI_zero_init


GLOBAL SYMBOLS: SORTED ALPHABETICALLY BY Name 

address   name                           
-------   ----                           
00000b13  ADCIntClear                    
000009f9  ADCIntStatus                   
00000a6f  ADCProcessorTrigger            
00000985  ADCSequenceConfigure           
00000a51  ADCSequenceDataGet             
00000adf  ADCSequenceEnable              
000006c5  ADCSequenceStepConfigure       
000008e5  C$$EXIT                        
00000a27  GPIODirModeSet                 
00000401  GPIOPadConfigSet               
00000acd  GPIOPinTypeADC                 
00000a87  GPIOPinTypeGPIOOutput          
00000b1d  GPIOPinWrite                   
20000234  JoyStick_Horizontal_ADC_Value  
20000238  JoyStick_Vertical_ADC_Value    
00000b07  ResetISR                       
UNDEFED   SHT$$INIT_ARRAY$$Base          
UNDEFED   SHT$$INIT_ARRAY$$Limit         
00000535  SysCtlClockSet                 
00000b23  SysCtlDelay                    
000009c5  SysCtlPeripheralEnable         
20000200  __STACK_END                    
00000200  __STACK_SIZE                   
20000200  __STACK_TOP                    
00000b60  __TI_CINIT_Base                
00000b70  __TI_CINIT_Limit               
00000b48  __TI_Handler_Table_Base        
00000b54  __TI_Handler_Table_Limit       
000007b9  __TI_auto_init                 
20000220  __TI_cleanup_ptr               
00000829  __TI_decompress_lzss           
00000aed  __TI_decompress_none           
20000224  __TI_dtors_ptr                 
20000228  __TI_enable_exit_profile_output
ffffffff  __TI_pprof_out_hndl            
ffffffff  __TI_prof_data_size            
ffffffff  __TI_prof_data_start           
00000000  __TI_static_base__             
00000afb  __TI_zero_init                 
0000073f  __aeabi_memclr                 
0000073f  __aeabi_memclr4                
0000073f  __aeabi_memclr8                
00000629  __aeabi_memcpy                 
00000629  __aeabi_memcpy4                
00000629  __aeabi_memcpy8                
00000741  __aeabi_memset                 
00000741  __aeabi_memset4                
00000741  __aeabi_memset8                
ffffffff  __binit__                      
ffffffff  __c_args__                     
00000533  __mpu_init                     
20000000  __stack                        
00000aa1  _args_main                     
00000891  _c_int00                       
2000022c  _lock                          
00000ac7  _nop                           
00000abf  _register_lock                 
00000ab9  _register_unlock               
000009c3  _system_post_cinit             
00000b29  _system_pre_init               
20000230  _unlock                        
000008e9  abort                          
0000026d  adc_init                       
ffffffff  binit                          
00000939  copy_in                        
000008f1  exit                           
00000000  g_pfnVectors                   
000002ff  main                           
2000023c  main_func_sp                   
00000629  memcpy                         
00000747  memset                         
20000200  ui32ADC0ValueSeq1              
20000210  ui32ADC0ValueSeq2              


GLOBAL SYMBOLS: SORTED BY Symbol Address 

address   name                           
-------   ----                           
00000000  __TI_static_base__             
00000000  g_pfnVectors                   
00000200  __STACK_SIZE                   
0000026d  adc_init                       
000002ff  main                           
00000401  GPIOPadConfigSet               
00000533  __mpu_init                     
00000535  SysCtlClockSet                 
00000629  __aeabi_memcpy                 
00000629  __aeabi_memcpy4                
00000629  __aeabi_memcpy8                
00000629  memcpy                         
000006c5  ADCSequenceStepConfigure       
0000073f  __aeabi_memclr                 
0000073f  __aeabi_memclr4                
0000073f  __aeabi_memclr8                
00000741  __aeabi_memset                 
00000741  __aeabi_memset4                
00000741  __aeabi_memset8                
00000747  memset                         
000007b9  __TI_auto_init                 
00000829  __TI_decompress_lzss           
00000891  _c_int00                       
000008e5  C$$EXIT                        
000008e9  abort                          
000008f1  exit                           
00000939  copy_in                        
00000985  ADCSequenceConfigure           
000009c3  _system_post_cinit             
000009c5  SysCtlPeripheralEnable         
000009f9  ADCIntStatus                   
00000a27  GPIODirModeSet                 
00000a51  ADCSequenceDataGet             
00000a6f  ADCProcessorTrigger            
00000a87  GPIOPinTypeGPIOOutput          
00000aa1  _args_main                     
00000ab9  _register_unlock               
00000abf  _register_lock                 
00000ac7  _nop                           
00000acd  GPIOPinTypeADC                 
00000adf  ADCSequenceEnable              
00000aed  __TI_decompress_none           
00000afb  __TI_zero_init                 
00000b07  ResetISR                       
00000b13  ADCIntClear                    
00000b1d  GPIOPinWrite                   
00000b23  SysCtlDelay                    
00000b29  _system_pre_init               
00000b48  __TI_Handler_Table_Base        
00000b54  __TI_Handler_Table_Limit       
00000b60  __TI_CINIT_Base                
00000b70  __TI_CINIT_Limit               
20000000  __stack                        
20000200  __STACK_END                    
20000200  __STACK_TOP                    
20000200  ui32ADC0ValueSeq1              
20000210  ui32ADC0ValueSeq2              
20000220  __TI_cleanup_ptr               
20000224  __TI_dtors_ptr                 
20000228  __TI_enable_exit_profile_output
2000022c  _lock                          
20000230  _unlock                        
20000234  JoyStick_Horizontal_ADC_Value  
20000238  JoyStick_Vertical_ADC_Value    
2000023c  main_func_sp                   
ffffffff  __TI_pprof_out_hndl            
ffffffff  __TI_prof_data_size            
ffffffff  __TI_prof_data_start           
ffffffff  __binit__                      
ffffffff  __c_args__                     
ffffffff  binit                          
UNDEFED   SHT$$INIT_ARRAY$$Base          
UNDEFED   SHT$$INIT_ARRAY$$Limit         

[73 symbols]
