******************************************************************************
                  TI ARM Linker Unix v16.9.6                   
******************************************************************************
>> Linked Tue Feb 13 16:40:49 2018

OUTPUT FILE NAME:   <lab5_p1_t1.out>
ENTRY POINT SYMBOL: "_c_int00"  address: 00000e79


MEMORY CONFIGURATION

         name            origin    length      used     unused   attr    fill
----------------------  --------  ---------  --------  --------  ----  --------
  FLASH                 00000000   00040000  00001690  0003e970  R  X
  SRAM                  20000000   00008000  00000240  00007dc0  RW X


SEGMENT ALLOCATION MAP

run origin  load origin   length   init length attrs members
----------  ----------- ---------- ----------- ----- -------
00000000    00000000    00001690   00001690    r-x
  00000000    00000000    0000026c   0000026c    r-- .intvecs
  0000026c    0000026c    00000f08   00000f08    r-x .text
  00001174    00001174    000004dc   000004dc    r-- .const
  00001650    00001650    00000040   00000040    r-- .cinit
20000000    20000000    00000240   00000000    rw-
  20000000    20000000    00000200   00000000    rw- .stack
  20000200    20000200    00000020   00000000    rw- .bss
  20000220    20000220    00000020   00000000    rw- .data


SECTION ALLOCATION MAP

 output                                  attributes/
section   page    origin      length       input sections
--------  ----  ----------  ----------   ----------------
.intvecs   0    00000000    0000026c     
                  00000000    0000026c     tm4c123gh6pm_startup_ccs.obj (.intvecs)

.text      0    0000026c    00000f08     
                  0000026c    000005a4     main.obj (.text)
                  00000810    00000132     driverlib.lib : gpio.obj (.text:GPIOPadConfigSet)
                  00000942    00000002     rtsv7M4_T_le_v4SPD16_eabi.lib : mpu_init.obj (.text)
                  00000944    00000110     driverlib.lib : sysctl.obj (.text:SysCtlClockGet)
                  00000a54    000000f4                   : sysctl.obj (.text:SysCtlClockSet)
                  00000b48    0000009c     rtsv7M4_T_le_v4SPD16_eabi.lib : memcpy_t2.obj (.text)
                  00000be4    0000007a     driverlib.lib : adc.obj (.text:ADCSequenceStepConfigure)
                  00000c5e    0000007a     rtsv7M4_T_le_v4SPD16_eabi.lib : memset_t2.obj (.text)
                  00000cd8    00000070                                   : autoinit.obj (.text)
                  00000d48    00000068     driverlib.lib : interrupt.obj (.text:IntEnable)
                  00000db0    00000068     rtsv7M4_T_le_v4SPD16_eabi.lib : copy_decompress_lzss.obj (.text:decompress:lzss)
                  00000e18    00000060     driverlib.lib : timer.obj (.text:TimerConfigure)
                  00000e78    00000054     rtsv7M4_T_le_v4SPD16_eabi.lib : boot.obj (.text)
                  00000ecc    00000054                                   : exit.obj (.text)
                  00000f20    0000004c                                   : cpy_tbl.obj (.text)
                  00000f6c    0000003e     driverlib.lib : adc.obj (.text:ADCSequenceConfigure)
                  00000faa    00000002     rtsv7M4_T_le_v4SPD16_eabi.lib : startup.obj (.text)
                  00000fac    00000034     driverlib.lib : sysctl.obj (.text:SysCtlPeripheralEnable)
                  00000fe0    0000002e                   : adc.obj (.text:ADCIntStatus)
                  0000100e    0000002a                   : gpio.obj (.text:GPIODirModeSet)
                  00001038    0000001e                   : adc.obj (.text:ADCSequenceDataGet)
                  00001056    00000018                   : adc.obj (.text:ADCProcessorTrigger)
                  0000106e    00000018                   : gpio.obj (.text:GPIOPinTypeGPIOOutput)
                  00001086    00000002     --HOLE-- [fill = 0]
                  00001088    00000018                   : timer.obj (.text:TimerDisable)
                  000010a0    00000018     rtsv7M4_T_le_v4SPD16_eabi.lib : args_main.obj (.text)
                  000010b8    00000014                                   : _lock.obj (.text)
                  000010cc    00000012     driverlib.lib : gpio.obj (.text:GPIOPinTypeADC)
                  000010de    00000012                   : timer.obj (.text:TimerLoadSet)
                  000010f0    00000010                   : interrupt.obj (.text:IntMasterEnable)
                  00001100    0000000e                   : adc.obj (.text:ADCSequenceEnable)
                  0000110e    0000000e                   : timer.obj (.text:TimerEnable)
                  0000111c    0000000e     rtsv7M4_T_le_v4SPD16_eabi.lib : copy_decompress_none.obj (.text:decompress:none)
                  0000112a    0000000c     driverlib.lib : cpu.obj (.text:CPUcpsie)
                  00001136    0000000c     rtsv7M4_T_le_v4SPD16_eabi.lib : copy_zero_init.obj (.text:decompress:ZI)
                  00001142    0000000c     tm4c123gh6pm_startup_ccs.obj (.text)
                  0000114e    0000000a     driverlib.lib : adc.obj (.text:ADCIntClear)
                  00001158    00000008                   : timer.obj (.text:TimerIntEnable)
                  00001160    00000006                   : gpio.obj (.text:GPIOPinWrite)
                  00001166    00000006                   : sysctl.obj (.text:SysCtlDelay)
                  0000116c    00000004                   : timer.obj (.text:TimerIntClear)
                  00001170    00000004     rtsv7M4_T_le_v4SPD16_eabi.lib : pre_init.obj (.text)

.const     0    00001174    000004dc     
                  00001174    00000400     main.obj (.const:.string:mickey)
                  00001574    00000070     driverlib.lib : interrupt.obj (.const)
                  000015e4    0000006c                   : sysctl.obj (.const:g_pui32Xtals)

.cinit     0    00001650    00000040     
                  00001650    00000015     (.cinit..data.load) [load image, compression = lzss]
                  00001665    00000003     --HOLE-- [fill = 0]
                  00001668    0000000c     (__TI_handler_table)
                  00001674    00000004     --HOLE-- [fill = 0]
                  00001678    00000008     (.cinit..bss.load) [load image, compression = zero_init]
                  00001680    00000010     (__TI_cinit_table)

.init_array 
*          0    00000000    00000000     UNINITIALIZED

.bss       0    20000200    00000020     UNINITIALIZED
                  20000200    00000010     (.common:ui32ADC0ValueSeq1)
                  20000210    00000010     (.common:ui32ADC0ValueSeq2)

.data      0    20000220    00000020     UNINITIALIZED
                  20000220    0000000c     rtsv7M4_T_le_v4SPD16_eabi.lib : exit.obj (.data:$O1$$)
                  2000022c    00000008                                   : _lock.obj (.data:$O1$$)
                  20000234    00000008     main.obj (.data)
                  2000023c    00000004     rtsv7M4_T_le_v4SPD16_eabi.lib : stkdepth_vars.obj (.data)

.stack     0    20000000    00000200     UNINITIALIZED
                  20000000    00000200     --HOLE--

MODULE SUMMARY

       Module                         code   ro data   rw data
       ------                         ----   -------   -------
    ./
       main.obj                       1444   1024      40     
       tm4c123gh6pm_startup_ccs.obj   12     620       0      
    +--+------------------------------+------+---------+---------+
       Total:                         1456   1644      40     
                                                              
    /opt/ti/TivaWare_C_Series-2.1.2.111/driverlib/ccs/Debug/driverlib.lib
       sysctl.obj                     574    108       0      
       gpio.obj                       396    0         0      
       adc.obj                        308    0         0      
       interrupt.obj                  120    112       0      
       timer.obj                      164    0         0      
       cpu.obj                        12     0         0      
    +--+------------------------------+------+---------+---------+
       Total:                         1574   220       0      
                                                              
    /opt/ti/ccsv7/tools/compiler/ti-cgt-arm_16.9.6.LTS/lib/rtsv7M4_T_le_v4SPD16_eabi.lib
       memcpy_t2.obj                  156    0         0      
       memset_t2.obj                  122    0         0      
       autoinit.obj                   112    0         0      
       copy_decompress_lzss.obj       104    0         0      
       exit.obj                       84     0         12     
       boot.obj                       84     0         0      
       cpy_tbl.obj                    76     0         0      
       _lock.obj                      20     0         8      
       args_main.obj                  24     0         0      
       copy_decompress_none.obj       14     0         0      
       copy_zero_init.obj             12     0         0      
       pre_init.obj                   4      0         0      
       stkdepth_vars.obj              0      0         4      
       mpu_init.obj                   2      0         0      
       startup.obj                    2      0         0      
    +--+------------------------------+------+---------+---------+
       Total:                         816    0         24     
                                                              
       Stack:                         0      0         512    
       Linker Generated:              0      57        0      
    +--+------------------------------+------+---------+---------+
       Grand Total:                   3846   1921      576    


LINKER GENERATED COPY TABLES

__TI_cinit_table @ 00001680 records: 2, size/record: 8, table size: 16
	.data: load addr=00001650, load size=00000015 bytes, run addr=20000220, run size=00000020 bytes, compression=lzss
	.bss: load addr=00001678, load size=00000008 bytes, run addr=20000200, run size=00000020 bytes, compression=zero_init


LINKER GENERATED HANDLER TABLE

__TI_handler_table @ 00001668 records: 3, size/record: 4, table size: 12
	index: 0, handler: __TI_decompress_lzss
	index: 1, handler: __TI_decompress_none
	index: 2, handler: __TI_zero_init


GLOBAL SYMBOLS: SORTED ALPHABETICALLY BY Name 

address   name                           
-------   ----                           
0000114f  ADCIntClear                    
00000fe1  ADCIntStatus                   
00001057  ADCProcessorTrigger            
00000f6d  ADCSequenceConfigure           
00001039  ADCSequenceDataGet             
00001101  ADCSequenceEnable              
00000be5  ADCSequenceStepConfigure       
00000ecd  C$$EXIT                        
0000112b  CPUcpsie                       
0000100f  GPIODirModeSet                 
00000811  GPIOPadConfigSet               
000010cd  GPIOPinTypeADC                 
0000106f  GPIOPinTypeGPIOOutput          
00001161  GPIOPinWrite                   
00000d49  IntEnable                      
000010f1  IntMasterEnable                
20000234  JoyStick_Horizontal_ADC_Value  
20000238  JoyStick_Vertical_ADC_Value    
00000639  Joystick_read                  
00001143  ResetISR                       
UNDEFED   SHT$$INIT_ARRAY$$Base          
UNDEFED   SHT$$INIT_ARRAY$$Limit         
00000945  SysCtlClockGet                 
00000a55  SysCtlClockSet                 
00001167  SysCtlDelay                    
00000fad  SysCtlPeripheralEnable         
000006c5  Timer0IntHandler               
00000e19  TimerConfigure                 
00001089  TimerDisable                   
0000110f  TimerEnable                    
0000116d  TimerIntClear                  
00001159  TimerIntEnable                 
000010df  TimerLoadSet                   
20000200  __STACK_END                    
00000200  __STACK_SIZE                   
20000200  __STACK_TOP                    
00001680  __TI_CINIT_Base                
00001690  __TI_CINIT_Limit               
00001668  __TI_Handler_Table_Base        
00001674  __TI_Handler_Table_Limit       
00000cd9  __TI_auto_init                 
20000220  __TI_cleanup_ptr               
00000db1  __TI_decompress_lzss           
0000111d  __TI_decompress_none           
20000224  __TI_dtors_ptr                 
20000228  __TI_enable_exit_profile_output
ffffffff  __TI_pprof_out_hndl            
ffffffff  __TI_prof_data_size            
ffffffff  __TI_prof_data_start           
00000000  __TI_static_base__             
00001137  __TI_zero_init                 
00000c5f  __aeabi_memclr                 
00000c5f  __aeabi_memclr4                
00000c5f  __aeabi_memclr8                
00000b49  __aeabi_memcpy                 
00000b49  __aeabi_memcpy4                
00000b49  __aeabi_memcpy8                
00000c61  __aeabi_memset                 
00000c61  __aeabi_memset4                
00000c61  __aeabi_memset8                
ffffffff  __binit__                      
ffffffff  __c_args__                     
00000943  __mpu_init                     
20000000  __stack                        
000010a1  _args_main                     
00000e79  _c_int00                       
2000022c  _lock                          
000010c7  _nop                           
000010bf  _register_lock                 
000010b9  _register_unlock               
00000fab  _system_post_cinit             
00001171  _system_pre_init               
20000230  _unlock                        
00000ed1  abort                          
0000053b  adc_init                       
ffffffff  binit                          
00000f21  copy_in                        
00000ed9  exit                           
00000000  g_pfnVectors                   
000004bf  glcd_DisplayImage              
00000481  glcd_DisplayLineP1             
00000427  glcd_cleardisplay              
0000026d  glcd_cmd                       
000002c7  glcd_data                      
00000321  glcd_init                      
000003d5  glcd_setcolumn                 
00000391  glcd_setpage                   
000006e5  main                           
2000023c  main_func_sp                   
00000b49  memcpy                         
00000c67  memset                         
00001174  mickey                         
000005e9  timer0_init                    
20000200  ui32ADC0ValueSeq1              
20000210  ui32ADC0ValueSeq2              


GLOBAL SYMBOLS: SORTED BY Symbol Address 

address   name                           
-------   ----                           
00000000  __TI_static_base__             
00000000  g_pfnVectors                   
00000200  __STACK_SIZE                   
0000026d  glcd_cmd                       
000002c7  glcd_data                      
00000321  glcd_init                      
00000391  glcd_setpage                   
000003d5  glcd_setcolumn                 
00000427  glcd_cleardisplay              
00000481  glcd_DisplayLineP1             
000004bf  glcd_DisplayImage              
0000053b  adc_init                       
000005e9  timer0_init                    
00000639  Joystick_read                  
000006c5  Timer0IntHandler               
000006e5  main                           
00000811  GPIOPadConfigSet               
00000943  __mpu_init                     
00000945  SysCtlClockGet                 
00000a55  SysCtlClockSet                 
00000b49  __aeabi_memcpy                 
00000b49  __aeabi_memcpy4                
00000b49  __aeabi_memcpy8                
00000b49  memcpy                         
00000be5  ADCSequenceStepConfigure       
00000c5f  __aeabi_memclr                 
00000c5f  __aeabi_memclr4                
00000c5f  __aeabi_memclr8                
00000c61  __aeabi_memset                 
00000c61  __aeabi_memset4                
00000c61  __aeabi_memset8                
00000c67  memset                         
00000cd9  __TI_auto_init                 
00000d49  IntEnable                      
00000db1  __TI_decompress_lzss           
00000e19  TimerConfigure                 
00000e79  _c_int00                       
00000ecd  C$$EXIT                        
00000ed1  abort                          
00000ed9  exit                           
00000f21  copy_in                        
00000f6d  ADCSequenceConfigure           
00000fab  _system_post_cinit             
00000fad  SysCtlPeripheralEnable         
00000fe1  ADCIntStatus                   
0000100f  GPIODirModeSet                 
00001039  ADCSequenceDataGet             
00001057  ADCProcessorTrigger            
0000106f  GPIOPinTypeGPIOOutput          
00001089  TimerDisable                   
000010a1  _args_main                     
000010b9  _register_unlock               
000010bf  _register_lock                 
000010c7  _nop                           
000010cd  GPIOPinTypeADC                 
000010df  TimerLoadSet                   
000010f1  IntMasterEnable                
00001101  ADCSequenceEnable              
0000110f  TimerEnable                    
0000111d  __TI_decompress_none           
0000112b  CPUcpsie                       
00001137  __TI_zero_init                 
00001143  ResetISR                       
0000114f  ADCIntClear                    
00001159  TimerIntEnable                 
00001161  GPIOPinWrite                   
00001167  SysCtlDelay                    
0000116d  TimerIntClear                  
00001171  _system_pre_init               
00001174  mickey                         
00001668  __TI_Handler_Table_Base        
00001674  __TI_Handler_Table_Limit       
00001680  __TI_CINIT_Base                
00001690  __TI_CINIT_Limit               
20000000  __stack                        
20000200  __STACK_END                    
20000200  __STACK_TOP                    
20000200  ui32ADC0ValueSeq1              
20000210  ui32ADC0ValueSeq2              
20000220  __TI_cleanup_ptr               
20000224  __TI_dtors_ptr                 
20000228  __TI_enable_exit_profile_output
2000022c  _lock                          
20000230  _unlock                        
20000234  JoyStick_Horizontal_ADC_Value  
20000238  JoyStick_Vertical_ADC_Value    
2000023c  main_func_sp                   
ffffffff  __TI_pprof_out_hndl            
ffffffff  __TI_prof_data_size            
ffffffff  __TI_prof_data_start           
ffffffff  __binit__                      
ffffffff  __c_args__                     
ffffffff  binit                          
UNDEFED   SHT$$INIT_ARRAY$$Base          
UNDEFED   SHT$$INIT_ARRAY$$Limit         

[95 symbols]
