******************************************************************************
                  TI ARM Linker Unix v16.9.6                   
******************************************************************************
>> Linked Sun Feb  4 01:26:09 2018

OUTPUT FILE NAME:   <lab2_t3.out>
ENTRY POINT SYMBOL: "_c_int00"  address: 00000ac9


MEMORY CONFIGURATION

         name            origin    length      used     unused   attr    fill
----------------------  --------  ---------  --------  --------  ----  --------
  FLASH                 00000000   00040000  00000e12  0003f1ee  R  X
  SRAM                  20000000   00008000  00000240  00007dc0  RW X


SEGMENT ALLOCATION MAP

run origin  load origin   length   init length attrs members
----------  ----------- ---------- ----------- ----- -------
00000000    00000000    00000e18   00000e18    r-x
  00000000    00000000    0000026c   0000026c    r-- .intvecs
  0000026c    0000026c    00000aa2   00000aa2    r-x .text
  00000d10    00000d10    000000dc   000000dc    r-- .const
  00000df0    00000df0    00000028   00000028    r-- .cinit
20000000    20000000    00000240   00000000    rw-
  20000000    20000000    00000200   00000000    rw- .stack
  20000200    20000200    00000040   00000000    rw- .data


SECTION ALLOCATION MAP

 output                                  attributes/
section   page    origin      length       input sections
--------  ----  ----------  ----------   ----------------
.intvecs   0    00000000    0000026c     
                  00000000    0000026c     tm4c123gh6pm_startup_ccs.obj (.intvecs)

.text      0    0000026c    00000aa2     
                  0000026c    000002e8     main.obj (.text)
                  00000554    00000132     driverlib.lib : gpio.obj (.text:GPIOPadConfigSet)
                  00000686    00000002     rtsv7M4_T_le_v4SPD16_eabi.lib : mpu_init.obj (.text)
                  00000688    00000110     driverlib.lib : sysctl.obj (.text:SysCtlClockGet)
                  00000798    000000f4                   : sysctl.obj (.text:SysCtlClockSet)
                  0000088c    0000009c     rtsv7M4_T_le_v4SPD16_eabi.lib : memcpy_t2.obj (.text)
                  00000928    00000070                                   : autoinit.obj (.text)
                  00000998    00000068     driverlib.lib : interrupt.obj (.text:IntEnable)
                  00000a00    00000068     rtsv7M4_T_le_v4SPD16_eabi.lib : copy_decompress_lzss.obj (.text:decompress:lzss)
                  00000a68    00000060     driverlib.lib : timer.obj (.text:TimerConfigure)
                  00000ac8    00000054     rtsv7M4_T_le_v4SPD16_eabi.lib : boot.obj (.text)
                  00000b1c    00000054                                   : exit.obj (.text)
                  00000b70    0000004c                                   : cpy_tbl.obj (.text)
                  00000bbc    00000034     driverlib.lib : sysctl.obj (.text:SysCtlPeripheralEnable)
                  00000bf0    0000002a                   : gpio.obj (.text:GPIODirModeSet)
                  00000c1a    00000018                   : gpio.obj (.text:GPIOPinTypeGPIOOutput)
                  00000c32    00000002     rtsv7M4_T_le_v4SPD16_eabi.lib : startup.obj (.text)
                  00000c34    00000018     driverlib.lib : timer.obj (.text:TimerDisable)
                  00000c4c    00000018     rtsv7M4_T_le_v4SPD16_eabi.lib : args_main.obj (.text)
                  00000c64    00000014                                   : _lock.obj (.text)
                  00000c78    00000012     driverlib.lib : gpio.obj (.text:GPIOPinTypeGPIOInput)
                  00000c8a    00000012                   : timer.obj (.text:TimerLoadSet)
                  00000c9c    00000010                   : interrupt.obj (.text:IntMasterEnable)
                  00000cac    0000000e                   : timer.obj (.text:TimerEnable)
                  00000cba    0000000e     rtsv7M4_T_le_v4SPD16_eabi.lib : copy_decompress_none.obj (.text:decompress:none)
                  00000cc8    0000000c     driverlib.lib : cpu.obj (.text:CPUcpsie)
                  00000cd4    0000000c                   : gpio.obj (.text:GPIOIntEnable)
                  00000ce0    0000000c     tm4c123gh6pm_startup_ccs.obj (.text)
                  00000cec    00000008     driverlib.lib : timer.obj (.text:TimerIntEnable)
                  00000cf4    00000006                   : gpio.obj (.text:GPIOPinRead)
                  00000cfa    00000006                   : gpio.obj (.text:GPIOPinWrite)
                  00000d00    00000006                   : sysctl.obj (.text:SysCtlDelay)
                  00000d06    00000004                   : timer.obj (.text:TimerIntClear)
                  00000d0a    00000004     rtsv7M4_T_le_v4SPD16_eabi.lib : pre_init.obj (.text)

.const     0    00000d10    000000dc     
                  00000d10    00000070     driverlib.lib : interrupt.obj (.const)
                  00000d80    0000006c                   : sysctl.obj (.const:g_pui32Xtals)

.cinit     0    00000df0    00000028     
                  00000df0    00000016     (.cinit..data.load) [load image, compression = lzss]
                  00000e06    00000002     --HOLE-- [fill = 0]
                  00000e08    00000008     (__TI_handler_table)
                  00000e10    00000008     (__TI_cinit_table)

.init_array 
*          0    00000000    00000000     UNINITIALIZED

.data      0    20000200    00000040     UNINITIALIZED
                  20000200    00000028     main.obj (.data)
                  20000228    0000000c     rtsv7M4_T_le_v4SPD16_eabi.lib : exit.obj (.data:$O1$$)
                  20000234    00000008                                   : _lock.obj (.data:$O1$$)
                  2000023c    00000004                                   : stkdepth_vars.obj (.data)

.stack     0    20000000    00000200     UNINITIALIZED
                  20000000    00000200     --HOLE--

MODULE SUMMARY

       Module                         code   ro data   rw data
       ------                         ----   -------   -------
    ./
       main.obj                       744    0         40     
       tm4c123gh6pm_startup_ccs.obj   12     620       0      
    +--+------------------------------+------+---------+---------+
       Total:                         756    620       40     
                                                              
    /opt/ti/TivaWare_C_Series-2.1.2.111/driverlib/ccs/Debug/driverlib.lib
       sysctl.obj                     574    108       0      
       gpio.obj                       414    0         0      
       interrupt.obj                  120    112       0      
       timer.obj                      164    0         0      
       cpu.obj                        12     0         0      
    +--+------------------------------+------+---------+---------+
       Total:                         1284   220       0      
                                                              
    /opt/ti/ccsv7/tools/compiler/ti-cgt-arm_16.9.6.LTS/lib/rtsv7M4_T_le_v4SPD16_eabi.lib
       memcpy_t2.obj                  156    0         0      
       autoinit.obj                   112    0         0      
       copy_decompress_lzss.obj       104    0         0      
       exit.obj                       84     0         12     
       boot.obj                       84     0         0      
       cpy_tbl.obj                    76     0         0      
       _lock.obj                      20     0         8      
       args_main.obj                  24     0         0      
       copy_decompress_none.obj       14     0         0      
       pre_init.obj                   4      0         0      
       stkdepth_vars.obj              0      0         4      
       mpu_init.obj                   2      0         0      
       startup.obj                    2      0         0      
    +--+------------------------------+------+---------+---------+
       Total:                         682    0         24     
                                                              
       Stack:                         0      0         512    
       Linker Generated:              0      38        0      
    +--+------------------------------+------+---------+---------+
       Grand Total:                   2722   878       576    


LINKER GENERATED COPY TABLES

__TI_cinit_table @ 00000e10 records: 1, size/record: 8, table size: 8
	.data: load addr=00000df0, load size=00000016 bytes, run addr=20000200, run size=00000040 bytes, compression=lzss


LINKER GENERATED HANDLER TABLE

__TI_handler_table @ 00000e08 records: 2, size/record: 4, table size: 8
	index: 0, handler: __TI_decompress_lzss
	index: 1, handler: __TI_decompress_none


GLOBAL SYMBOLS: SORTED ALPHABETICALLY BY Name 

address   name                           
-------   ----                           
00000b1d  C$$EXIT                        
00000cc9  CPUcpsie                       
00000bf1  GPIODirModeSet                 
00000cd5  GPIOIntEnable                  
00000555  GPIOPadConfigSet               
00000cf5  GPIOPinRead                    
00000c79  GPIOPinTypeGPIOInput           
00000c1b  GPIOPinTypeGPIOOutput          
00000cfb  GPIOPinWrite                   
00000999  IntEnable                      
00000c9d  IntMasterEnable                
00000ce1  ResetISR                       
UNDEFED   SHT$$INIT_ARRAY$$Base          
UNDEFED   SHT$$INIT_ARRAY$$Limit         
20000210  Sw1_Count                      
20000214  Sw2_Count                      
00000689  SysCtlClockGet                 
00000799  SysCtlClockSet                 
00000d01  SysCtlDelay                    
00000bbd  SysCtlPeripheralEnable         
000002cf  Timer0IntHandler               
00000a69  TimerConfigure                 
00000c35  TimerDisable                   
00000cad  TimerEnable                    
00000d07  TimerIntClear                  
00000ced  TimerIntEnable                 
00000c8b  TimerLoadSet                   
20000200  __STACK_END                    
00000200  __STACK_SIZE                   
20000200  __STACK_TOP                    
00000e10  __TI_CINIT_Base                
00000e18  __TI_CINIT_Limit               
00000e08  __TI_Handler_Table_Base        
00000e10  __TI_Handler_Table_Limit       
00000929  __TI_auto_init                 
20000228  __TI_cleanup_ptr               
00000a01  __TI_decompress_lzss           
00000cbb  __TI_decompress_none           
2000022c  __TI_dtors_ptr                 
20000230  __TI_enable_exit_profile_output
ffffffff  __TI_pprof_out_hndl            
ffffffff  __TI_prof_data_size            
ffffffff  __TI_prof_data_start           
00000000  __TI_static_base__             
0000088d  __aeabi_memcpy                 
0000088d  __aeabi_memcpy4                
0000088d  __aeabi_memcpy8                
ffffffff  __binit__                      
ffffffff  __c_args__                     
00000687  __mpu_init                     
20000000  __stack                        
00000c4d  _args_main                     
00000ac9  _c_int00                       
20000234  _lock                          
00000c73  _nop                           
00000c6b  _register_lock                 
00000c65  _register_unlock               
00000c33  _system_post_cinit             
00000d0b  _system_pre_init               
20000238  _unlock                        
00000b21  abort                          
ffffffff  binit                          
20000220  color                          
00000b71  copy_in                        
000002f7  detect_sw1_press               
00000383  detect_sw2_press               
00000b29  exit                           
00000000  g_pfnVectors                   
0000040f  main                           
2000023c  main_func_sp                   
0000088d  memcpy                         
0000027d  pin_config                     
20000224  rgbcolorvalue                  
0000026d  setup                          
2000020c  sw1_longFlag                   
20000218  sw1_overflow_count             
2000020a  sw1_shortFlag                  
20000200  sw1_state                      
20000208  sw1_status                     
2000020e  sw2_flag                       
2000020d  sw2_longFlag                   
2000021c  sw2_overflow_count             
2000020b  sw2_shortFlag                  
20000204  sw2_state                      
20000209  sw2_status                     


GLOBAL SYMBOLS: SORTED BY Symbol Address 

address   name                           
-------   ----                           
00000000  __TI_static_base__             
00000000  g_pfnVectors                   
00000200  __STACK_SIZE                   
0000026d  setup                          
0000027d  pin_config                     
000002cf  Timer0IntHandler               
000002f7  detect_sw1_press               
00000383  detect_sw2_press               
0000040f  main                           
00000555  GPIOPadConfigSet               
00000687  __mpu_init                     
00000689  SysCtlClockGet                 
00000799  SysCtlClockSet                 
0000088d  __aeabi_memcpy                 
0000088d  __aeabi_memcpy4                
0000088d  __aeabi_memcpy8                
0000088d  memcpy                         
00000929  __TI_auto_init                 
00000999  IntEnable                      
00000a01  __TI_decompress_lzss           
00000a69  TimerConfigure                 
00000ac9  _c_int00                       
00000b1d  C$$EXIT                        
00000b21  abort                          
00000b29  exit                           
00000b71  copy_in                        
00000bbd  SysCtlPeripheralEnable         
00000bf1  GPIODirModeSet                 
00000c1b  GPIOPinTypeGPIOOutput          
00000c33  _system_post_cinit             
00000c35  TimerDisable                   
00000c4d  _args_main                     
00000c65  _register_unlock               
00000c6b  _register_lock                 
00000c73  _nop                           
00000c79  GPIOPinTypeGPIOInput           
00000c8b  TimerLoadSet                   
00000c9d  IntMasterEnable                
00000cad  TimerEnable                    
00000cbb  __TI_decompress_none           
00000cc9  CPUcpsie                       
00000cd5  GPIOIntEnable                  
00000ce1  ResetISR                       
00000ced  TimerIntEnable                 
00000cf5  GPIOPinRead                    
00000cfb  GPIOPinWrite                   
00000d01  SysCtlDelay                    
00000d07  TimerIntClear                  
00000d0b  _system_pre_init               
00000e08  __TI_Handler_Table_Base        
00000e10  __TI_CINIT_Base                
00000e10  __TI_Handler_Table_Limit       
00000e18  __TI_CINIT_Limit               
20000000  __stack                        
20000200  __STACK_END                    
20000200  __STACK_TOP                    
20000200  sw1_state                      
20000204  sw2_state                      
20000208  sw1_status                     
20000209  sw2_status                     
2000020a  sw1_shortFlag                  
2000020b  sw2_shortFlag                  
2000020c  sw1_longFlag                   
2000020d  sw2_longFlag                   
2000020e  sw2_flag                       
20000210  Sw1_Count                      
20000214  Sw2_Count                      
20000218  sw1_overflow_count             
2000021c  sw2_overflow_count             
20000220  color                          
20000224  rgbcolorvalue                  
20000228  __TI_cleanup_ptr               
2000022c  __TI_dtors_ptr                 
20000230  __TI_enable_exit_profile_output
20000234  _lock                          
20000238  _unlock                        
2000023c  main_func_sp                   
ffffffff  __TI_pprof_out_hndl            
ffffffff  __TI_prof_data_size            
ffffffff  __TI_prof_data_start           
ffffffff  __binit__                      
ffffffff  __c_args__                     
ffffffff  binit                          
UNDEFED   SHT$$INIT_ARRAY$$Base          
UNDEFED   SHT$$INIT_ARRAY$$Limit         

[85 symbols]
