******************************************************************************
                  TI ARM Linker Unix v16.9.6                   
******************************************************************************
>> Linked Wed Feb 14 05:00:39 2018

OUTPUT FILE NAME:   <lab5_p3_t1.out>
ENTRY POINT SYMBOL: "_c_int00"  address: 00000fbd


MEMORY CONFIGURATION

         name            origin    length      used     unused   attr    fill
----------------------  --------  ---------  --------  --------  ----  --------
  FLASH                 00000000   00040000  00002014  0003dfec  R  X
  SRAM                  20000000   00008000  00002244  00005dbc  RW X


SEGMENT ALLOCATION MAP

run origin  load origin   length   init length attrs members
----------  ----------- ---------- ----------- ----- -------
00000000    00000000    00002018   00002018    r-x
  00000000    00000000    0000026c   0000026c    r-- .intvecs
  0000026c    0000026c    0000104c   0000104c    r-x .text
  000012b8    000012b8    000004dc   000004dc    r-- .const
  00001798    00001798    00000880   00000880    r-- .cinit
20000000    20000000    00002244   00000000    rw-
  20000000    20000000    00002020   00000000    rw- .data
  20002020    20002020    00000200   00000000    rw- .stack
  20002220    20002220    00000024   00000000    rw- .bss


SECTION ALLOCATION MAP

 output                                  attributes/
section   page    origin      length       input sections
--------  ----  ----------  ----------   ----------------
.intvecs   0    00000000    0000026c     
                  00000000    0000026c     tm4c123gh6pm_startup_ccs.obj (.intvecs)

.text      0    0000026c    0000104c     
                  0000026c    000006e8     main.obj (.text)
                  00000954    00000132     driverlib.lib : gpio.obj (.text:GPIOPadConfigSet)
                  00000a86    00000002     rtsv7M4_T_le_v4SPD16_eabi.lib : mpu_init.obj (.text)
                  00000a88    00000110     driverlib.lib : sysctl.obj (.text:SysCtlClockGet)
                  00000b98    000000f4                   : sysctl.obj (.text:SysCtlClockSet)
                  00000c8c    0000009c     rtsv7M4_T_le_v4SPD16_eabi.lib : memcpy_t2.obj (.text)
                  00000d28    0000007a     driverlib.lib : adc.obj (.text:ADCSequenceStepConfigure)
                  00000da2    0000007a     rtsv7M4_T_le_v4SPD16_eabi.lib : memset_t2.obj (.text)
                  00000e1c    00000070                                   : autoinit.obj (.text)
                  00000e8c    00000068     driverlib.lib : interrupt.obj (.text:IntEnable)
                  00000ef4    00000068     rtsv7M4_T_le_v4SPD16_eabi.lib : copy_decompress_lzss.obj (.text:decompress:lzss)
                  00000f5c    00000060     driverlib.lib : timer.obj (.text:TimerConfigure)
                  00000fbc    00000054     rtsv7M4_T_le_v4SPD16_eabi.lib : boot.obj (.text)
                  00001010    00000054                                   : exit.obj (.text)
                  00001064    0000004c                                   : cpy_tbl.obj (.text)
                  000010b0    0000003e     driverlib.lib : adc.obj (.text:ADCSequenceConfigure)
                  000010ee    00000002     rtsv7M4_T_le_v4SPD16_eabi.lib : startup.obj (.text)
                  000010f0    00000034     driverlib.lib : sysctl.obj (.text:SysCtlPeripheralEnable)
                  00001124    0000002e                   : adc.obj (.text:ADCIntStatus)
                  00001152    0000002a                   : gpio.obj (.text:GPIODirModeSet)
                  0000117c    0000001e                   : adc.obj (.text:ADCSequenceDataGet)
                  0000119a    00000018                   : adc.obj (.text:ADCProcessorTrigger)
                  000011b2    00000018                   : gpio.obj (.text:GPIOPinTypeGPIOOutput)
                  000011ca    00000002     --HOLE-- [fill = 0]
                  000011cc    00000018                   : timer.obj (.text:TimerDisable)
                  000011e4    00000018     rtsv7M4_T_le_v4SPD16_eabi.lib : args_main.obj (.text)
                  000011fc    00000014                                   : _lock.obj (.text)
                  00001210    00000012     driverlib.lib : gpio.obj (.text:GPIOPinTypeADC)
                  00001222    00000012                   : timer.obj (.text:TimerLoadSet)
                  00001234    00000010                   : interrupt.obj (.text:IntMasterEnable)
                  00001244    0000000e                   : adc.obj (.text:ADCSequenceEnable)
                  00001252    0000000e                   : timer.obj (.text:TimerEnable)
                  00001260    0000000e     rtsv7M4_T_le_v4SPD16_eabi.lib : copy_decompress_none.obj (.text:decompress:none)
                  0000126e    0000000c     driverlib.lib : cpu.obj (.text:CPUcpsie)
                  0000127a    0000000c     rtsv7M4_T_le_v4SPD16_eabi.lib : copy_zero_init.obj (.text:decompress:ZI)
                  00001286    0000000c     tm4c123gh6pm_startup_ccs.obj (.text)
                  00001292    0000000a     driverlib.lib : adc.obj (.text:ADCIntClear)
                  0000129c    00000008                   : timer.obj (.text:TimerIntEnable)
                  000012a4    00000006                   : gpio.obj (.text:GPIOPinWrite)
                  000012aa    00000006                   : sysctl.obj (.text:SysCtlDelay)
                  000012b0    00000004                   : timer.obj (.text:TimerIntClear)
                  000012b4    00000004     rtsv7M4_T_le_v4SPD16_eabi.lib : pre_init.obj (.text)

.const     0    000012b8    000004dc     
                  000012b8    00000400     main.obj (.const:.string:mickey)
                  000016b8    00000070     driverlib.lib : interrupt.obj (.const)
                  00001728    0000006c                   : sysctl.obj (.const:g_pui32Xtals)

.cinit     0    00001798    00000880     
                  00001798    00000857     (.cinit..data.load) [load image, compression = lzss]
                  00001fef    00000001     --HOLE-- [fill = 0]
                  00001ff0    0000000c     (__TI_handler_table)
                  00001ffc    00000004     --HOLE-- [fill = 0]
                  00002000    00000008     (.cinit..bss.load) [load image, compression = zero_init]
                  00002008    00000010     (__TI_cinit_table)

.init_array 
*          0    00000000    00000000     UNINITIALIZED

.data      0    20000000    00002020     UNINITIALIZED
                  20000000    00000400     main.obj (.data:eight)
                  20000400    00000400     main.obj (.data:five)
                  20000800    00000400     main.obj (.data:four)
                  20000c00    00000400     main.obj (.data:one)
                  20001000    00000400     main.obj (.data:seven)
                  20001400    00000400     main.obj (.data:six)
                  20001800    00000400     main.obj (.data:three)
                  20001c00    00000400     main.obj (.data:two)
                  20002000    0000000c     rtsv7M4_T_le_v4SPD16_eabi.lib : exit.obj (.data:$O1$$)
                  2000200c    00000008                                   : _lock.obj (.data:$O1$$)
                  20002014    00000008     main.obj (.data)
                  2000201c    00000004     rtsv7M4_T_le_v4SPD16_eabi.lib : stkdepth_vars.obj (.data)

.bss       0    20002220    00000024     UNINITIALIZED
                  20002220    00000010     (.common:ui32ADC0ValueSeq1)
                  20002230    00000010     (.common:ui32ADC0ValueSeq2)
                  20002240    00000004     (.common:Delay_Cheetah)

.stack     0    20002020    00000200     UNINITIALIZED
                  20002020    00000200     --HOLE--

MODULE SUMMARY

       Module                         code   ro data   rw data
       ------                         ----   -------   -------
    ./
       main.obj                       1768   1024      8236   
       tm4c123gh6pm_startup_ccs.obj   12     620       0      
    +--+------------------------------+------+---------+---------+
       Total:                         1780   1644      8236   
                                                              
    /opt/ti/TivaWare_C_Series-2.1.2.111/driverlib/ccs/Debug/driverlib.lib
       sysctl.obj                     574    108       0      
       gpio.obj                       396    0         0      
       adc.obj                        308    0         0      
       interrupt.obj                  120    112       0      
       timer.obj                      164    0         0      
       cpu.obj                        12     0         0      
    +--+------------------------------+------+---------+---------+
       Total:                         1574   220       0      
                                                              
    /opt/ti/ccsv7/tools/compiler/ti-cgt-arm_16.9.6.LTS/lib/rtsv7M4_T_le_v4SPD16_eabi.lib
       memcpy_t2.obj                  156    0         0      
       memset_t2.obj                  122    0         0      
       autoinit.obj                   112    0         0      
       copy_decompress_lzss.obj       104    0         0      
       exit.obj                       84     0         12     
       boot.obj                       84     0         0      
       cpy_tbl.obj                    76     0         0      
       _lock.obj                      20     0         8      
       args_main.obj                  24     0         0      
       copy_decompress_none.obj       14     0         0      
       copy_zero_init.obj             12     0         0      
       pre_init.obj                   4      0         0      
       stkdepth_vars.obj              0      0         4      
       mpu_init.obj                   2      0         0      
       startup.obj                    2      0         0      
    +--+------------------------------+------+---------+---------+
       Total:                         816    0         24     
                                                              
       Stack:                         0      0         512    
       Linker Generated:              0      2171      0      
    +--+------------------------------+------+---------+---------+
       Grand Total:                   4170   4035      8772   


LINKER GENERATED COPY TABLES

__TI_cinit_table @ 00002008 records: 2, size/record: 8, table size: 16
	.data: load addr=00001798, load size=00000857 bytes, run addr=20000000, run size=00002020 bytes, compression=lzss
	.bss: load addr=00002000, load size=00000008 bytes, run addr=20002220, run size=00000024 bytes, compression=zero_init


LINKER GENERATED HANDLER TABLE

__TI_handler_table @ 00001ff0 records: 3, size/record: 4, table size: 12
	index: 0, handler: __TI_decompress_lzss
	index: 1, handler: __TI_decompress_none
	index: 2, handler: __TI_zero_init


GLOBAL SYMBOLS: SORTED ALPHABETICALLY BY Name 

address   name                           
-------   ----                           
00001293  ADCIntClear                    
00001125  ADCIntStatus                   
0000119b  ADCProcessorTrigger            
000010b1  ADCSequenceConfigure           
0000117d  ADCSequenceDataGet             
00001245  ADCSequenceEnable              
00000d29  ADCSequenceStepConfigure       
00001011  C$$EXIT                        
0000126f  CPUcpsie                       
20002240  Delay_Cheetah                  
00001153  GPIODirModeSet                 
00000955  GPIOPadConfigSet               
00001211  GPIOPinTypeADC                 
000011b3  GPIOPinTypeGPIOOutput          
000012a5  GPIOPinWrite                   
00000e8d  IntEnable                      
00001235  IntMasterEnable                
20002014  JoyStick_Horizontal_ADC_Value  
20002018  JoyStick_Vertical_ADC_Value    
000006b1  Joystick_read                  
00001287  ResetISR                       
UNDEFED   SHT$$INIT_ARRAY$$Base          
UNDEFED   SHT$$INIT_ARRAY$$Limit         
00000a89  SysCtlClockGet                 
00000b99  SysCtlClockSet                 
000012ab  SysCtlDelay                    
000010f1  SysCtlPeripheralEnable         
0000073d  Timer0IntHandler               
00000f5d  TimerConfigure                 
000011cd  TimerDisable                   
00001253  TimerEnable                    
000012b1  TimerIntClear                  
0000129d  TimerIntEnable                 
00001223  TimerLoadSet                   
20002220  __STACK_END                    
00000200  __STACK_SIZE                   
20002220  __STACK_TOP                    
00002008  __TI_CINIT_Base                
00002018  __TI_CINIT_Limit               
00001ff0  __TI_Handler_Table_Base        
00001ffc  __TI_Handler_Table_Limit       
00000e1d  __TI_auto_init                 
20002000  __TI_cleanup_ptr               
00000ef5  __TI_decompress_lzss           
00001261  __TI_decompress_none           
20002004  __TI_dtors_ptr                 
20002008  __TI_enable_exit_profile_output
ffffffff  __TI_pprof_out_hndl            
ffffffff  __TI_prof_data_size            
ffffffff  __TI_prof_data_start           
00000000  __TI_static_base__             
0000127b  __TI_zero_init                 
00000da3  __aeabi_memclr                 
00000da3  __aeabi_memclr4                
00000da3  __aeabi_memclr8                
00000c8d  __aeabi_memcpy                 
00000c8d  __aeabi_memcpy4                
00000c8d  __aeabi_memcpy8                
00000da5  __aeabi_memset                 
00000da5  __aeabi_memset4                
00000da5  __aeabi_memset8                
ffffffff  __binit__                      
ffffffff  __c_args__                     
00000a87  __mpu_init                     
20002020  __stack                        
000011e5  _args_main                     
00000fbd  _c_int00                       
2000200c  _lock                          
0000120b  _nop                           
00001203  _register_lock                 
000011fd  _register_unlock               
000010ef  _system_post_cinit             
000012b5  _system_pre_init               
20002010  _unlock                        
00001015  abort                          
000005c5  adc_init                       
ffffffff  binit                          
00001065  copy_in                        
20000000  eight                          
0000101d  exit                           
20000400  five                           
20000800  four                           
00000000  g_pfnVectors                   
000004bb  glcd_DisplayImage              
0000053f  glcd_DisplayImage_Ref          
0000047d  glcd_DisplayLineP1             
00000423  glcd_cleardisplay              
0000026d  glcd_cmd                       
000002c5  glcd_data                      
0000031d  glcd_init                      
000003d1  glcd_setcolumn                 
0000038d  glcd_setpage                   
0000079f  main                           
2000201c  main_func_sp                   
00000c8d  memcpy                         
00000dab  memset                         
000012b8  mickey                         
20000c00  one                            
0000075d  set_refresh_delay              
20001000  seven                          
20001400  six                            
20001800  three                          
00000669  timer0_init                    
20001c00  two                            
20002220  ui32ADC0ValueSeq1              
20002230  ui32ADC0ValueSeq2              


GLOBAL SYMBOLS: SORTED BY Symbol Address 

address   name                           
-------   ----                           
00000000  __TI_static_base__             
00000000  g_pfnVectors                   
00000200  __STACK_SIZE                   
0000026d  glcd_cmd                       
000002c5  glcd_data                      
0000031d  glcd_init                      
0000038d  glcd_setpage                   
000003d1  glcd_setcolumn                 
00000423  glcd_cleardisplay              
0000047d  glcd_DisplayLineP1             
000004bb  glcd_DisplayImage              
0000053f  glcd_DisplayImage_Ref          
000005c5  adc_init                       
00000669  timer0_init                    
000006b1  Joystick_read                  
0000073d  Timer0IntHandler               
0000075d  set_refresh_delay              
0000079f  main                           
00000955  GPIOPadConfigSet               
00000a87  __mpu_init                     
00000a89  SysCtlClockGet                 
00000b99  SysCtlClockSet                 
00000c8d  __aeabi_memcpy                 
00000c8d  __aeabi_memcpy4                
00000c8d  __aeabi_memcpy8                
00000c8d  memcpy                         
00000d29  ADCSequenceStepConfigure       
00000da3  __aeabi_memclr                 
00000da3  __aeabi_memclr4                
00000da3  __aeabi_memclr8                
00000da5  __aeabi_memset                 
00000da5  __aeabi_memset4                
00000da5  __aeabi_memset8                
00000dab  memset                         
00000e1d  __TI_auto_init                 
00000e8d  IntEnable                      
00000ef5  __TI_decompress_lzss           
00000f5d  TimerConfigure                 
00000fbd  _c_int00                       
00001011  C$$EXIT                        
00001015  abort                          
0000101d  exit                           
00001065  copy_in                        
000010b1  ADCSequenceConfigure           
000010ef  _system_post_cinit             
000010f1  SysCtlPeripheralEnable         
00001125  ADCIntStatus                   
00001153  GPIODirModeSet                 
0000117d  ADCSequenceDataGet             
0000119b  ADCProcessorTrigger            
000011b3  GPIOPinTypeGPIOOutput          
000011cd  TimerDisable                   
000011e5  _args_main                     
000011fd  _register_unlock               
00001203  _register_lock                 
0000120b  _nop                           
00001211  GPIOPinTypeADC                 
00001223  TimerLoadSet                   
00001235  IntMasterEnable                
00001245  ADCSequenceEnable              
00001253  TimerEnable                    
00001261  __TI_decompress_none           
0000126f  CPUcpsie                       
0000127b  __TI_zero_init                 
00001287  ResetISR                       
00001293  ADCIntClear                    
0000129d  TimerIntEnable                 
000012a5  GPIOPinWrite                   
000012ab  SysCtlDelay                    
000012b1  TimerIntClear                  
000012b5  _system_pre_init               
000012b8  mickey                         
00001ff0  __TI_Handler_Table_Base        
00001ffc  __TI_Handler_Table_Limit       
00002008  __TI_CINIT_Base                
00002018  __TI_CINIT_Limit               
20000000  eight                          
20000400  five                           
20000800  four                           
20000c00  one                            
20001000  seven                          
20001400  six                            
20001800  three                          
20001c00  two                            
20002000  __TI_cleanup_ptr               
20002004  __TI_dtors_ptr                 
20002008  __TI_enable_exit_profile_output
2000200c  _lock                          
20002010  _unlock                        
20002014  JoyStick_Horizontal_ADC_Value  
20002018  JoyStick_Vertical_ADC_Value    
2000201c  main_func_sp                   
20002020  __stack                        
20002220  __STACK_END                    
20002220  __STACK_TOP                    
20002220  ui32ADC0ValueSeq1              
20002230  ui32ADC0ValueSeq2              
20002240  Delay_Cheetah                  
ffffffff  __TI_pprof_out_hndl            
ffffffff  __TI_prof_data_size            
ffffffff  __TI_prof_data_start           
ffffffff  __binit__                      
ffffffff  __c_args__                     
ffffffff  binit                          
UNDEFED   SHT$$INIT_ARRAY$$Base          
UNDEFED   SHT$$INIT_ARRAY$$Limit         

[106 symbols]
