******************************************************************************
                  TI ARM Linker PC v16.9.0                     
******************************************************************************
>> Linked Sun Apr 29 18:43:16 2018

OUTPUT FILE NAME:   <lab3_1.out>
ENTRY POINT SYMBOL: "_c_int00"  address: 00001065


MEMORY CONFIGURATION

         name            origin    length      used     unused   attr    fill
----------------------  --------  ---------  --------  --------  ----  --------
  FLASH                 00000000   00040000  000014f2  0003eb0e  R  X
  SRAM                  20000000   00008000  00000258  00007da8  RW X


SEGMENT ALLOCATION MAP

run origin  load origin   length   init length attrs members
----------  ----------- ---------- ----------- ----- -------
00000000    00000000    000014f8   000014f8    r-x
  00000000    00000000    0000026c   0000026c    r-- .intvecs
  0000026c    0000026c    000010d2   000010d2    r-x .text
  00001340    00001340    0000016c   0000016c    r-- .const
  000014b0    000014b0    00000048   00000048    r-- .cinit
20000000    20000000    00000258   00000000    rw-
  20000000    20000000    00000200   00000000    rw- .stack
  20000200    20000200    0000004c   00000000    rw- .data
  2000024c    2000024c    0000000c   00000000    rw- .bss


SECTION ALLOCATION MAP

 output                                  attributes/
section   page    origin      length       input sections
--------  ----  ----------  ----------   ----------------
.intvecs   0    00000000    0000026c     
                  00000000    0000026c     tm4c123gh6pm_startup_ccs.obj (.intvecs)

.text      0    0000026c    000010d2     
                  0000026c    00000808     main.obj (.text)
                  00000a74    00000132     driverlib.lib : gpio.obj (.text:GPIOPadConfigSet)
                  00000ba6    00000002     rtsv7M4_T_le_v4SPD16_eabi.lib : mpu_init.obj (.text)
                  00000ba8    00000110     driverlib.lib : sysctl.obj (.text:SysCtlClockGet)
                  00000cb8    000000f4                   : sysctl.obj (.text:SysCtlClockSet)
                  00000dac    0000009c     rtsv7M4_T_le_v4SPD16_eabi.lib : memcpy_t2.obj (.text)
                  00000e48    0000007a                                   : memset_t2.obj (.text)
                  00000ec2    00000002                                   : startup.obj (.text)
                  00000ec4    00000070                                   : autoinit.obj (.text)
                  00000f34    00000068     driverlib.lib : interrupt.obj (.text:IntEnable)
                  00000f9c    00000068     rtsv7M4_T_le_v4SPD16_eabi.lib : copy_decompress_lzss.obj (.text:decompress:lzss)
                  00001004    00000060     driverlib.lib : timer.obj (.text:TimerConfigure)
                  00001064    00000054     rtsv7M4_T_le_v4SPD16_eabi.lib : boot.obj (.text)
                  000010b8    00000054                                   : exit.obj (.text)
                  0000110c    0000004c                                   : cpy_tbl.obj (.text)
                  00001158    00000048     driverlib.lib : gpio.obj (.text:GPIOPinConfigure)
                  000011a0    00000034                   : sysctl.obj (.text:SysCtlPeripheralEnable)
                  000011d4    0000002a                   : gpio.obj (.text:GPIODirModeSet)
                  000011fe    00000022                   : pwm.obj (.text:PWMGenConfigure)
                  00001220    0000001e                   : pwm.obj (.text:PWMPulseWidthSet)
                  0000123e    00000002     --HOLE-- [fill = 0]
                  00001240    00000018     rtsv7M4_T_le_v4SPD16_eabi.lib : args_main.obj (.text)
                  00001258    00000014     driverlib.lib : sysctl.obj (.text:SysCtlPWMClockSet)
                  0000126c    00000014     rtsv7M4_T_le_v4SPD16_eabi.lib : _lock.obj (.text)
                  00001280    00000012     driverlib.lib : gpio.obj (.text:GPIOPinTypePWM)
                  00001292    00000012                   : pwm.obj (.text:PWMOutputState)
                  000012a4    00000012                   : timer.obj (.text:TimerLoadSet)
                  000012b6    00000010                   : interrupt.obj (.text:IntMasterEnable)
                  000012c6    00000010                   : pwm.obj (.text:PWMGenPeriodSet)
                  000012d6    0000000e                   : timer.obj (.text:TimerEnable)
                  000012e4    0000000e     rtsv7M4_T_le_v4SPD16_eabi.lib : copy_decompress_none.obj (.text:decompress:none)
                  000012f2    0000000c     driverlib.lib : cpu.obj (.text:CPUcpsie)
                  000012fe    0000000c                   : pwm.obj (.text:PWMGenEnable)
                  0000130a    0000000c     rtsv7M4_T_le_v4SPD16_eabi.lib : copy_zero_init.obj (.text:decompress:ZI)
                  00001316    0000000c     tm4c123gh6pm_startup_ccs.obj (.text)
                  00001322    00000008     driverlib.lib : timer.obj (.text:TimerIntEnable)
                  0000132a    00000006                   : gpio.obj (.text:GPIOPinRead)
                  00001330    00000006                   : sysctl.obj (.text:SysCtlDelay)
                  00001336    00000004                   : timer.obj (.text:TimerIntClear)
                  0000133a    00000004     rtsv7M4_T_le_v4SPD16_eabi.lib : pre_init.obj (.text)

.const     0    00001340    0000016c     
                  00001340    00000090     driverlib.lib : gpio.obj (.const:g_pui32GPIOBaseAddrs)
                  000013d0    00000070                   : interrupt.obj (.const)
                  00001440    0000006c                   : sysctl.obj (.const:g_pui32Xtals)

.cinit     0    000014b0    00000048     
                  000014b0    00000020     (.cinit..data.load) [load image, compression = lzss]
                  000014d0    0000000c     (__TI_handler_table)
                  000014dc    00000004     --HOLE-- [fill = 0]
                  000014e0    00000008     (.cinit..bss.load) [load image, compression = zero_init]
                  000014e8    00000010     (__TI_cinit_table)

.init_array 
*          0    00000000    00000000     UNINITIALIZED

.stack     0    20000000    00000200     UNINITIALIZED
                  20000000    00000200     --HOLE--

.data      0    20000200    0000004c     UNINITIALIZED
                  20000200    00000033     main.obj (.data)
                  20000233    00000001     --HOLE--
                  20000234    0000000c     rtsv7M4_T_le_v4SPD16_eabi.lib : exit.obj (.data:$O1$$)
                  20000240    00000008                                   : _lock.obj (.data:$O1$$)
                  20000248    00000004                                   : stkdepth_vars.obj (.data)

.bss       0    2000024c    0000000c     UNINITIALIZED
                  2000024c    00000004     (.common:ui32Load)
                  20000250    00000004     (.common:ui32PWMClock)
                  20000254    00000004     (.common:ui32Period)

MODULE SUMMARY

       Module                         code   ro data   rw data
       ------                         ----   -------   -------
    .\
       main.obj                       2056   0         63     
       tm4c123gh6pm_startup_ccs.obj   12     620       0      
    +--+------------------------------+------+---------+---------+
       Total:                         2068   620       63     
                                                              
    C:/Roboteq/ti/TivaWare_C_Series-2.1.3.156/driverlib/ccs/Debug/driverlib.lib
       sysctl.obj                     594    108       0      
       gpio.obj                       444    144       0      
       interrupt.obj                  120    112       0      
       timer.obj                      140    0         0      
       pwm.obj                        110    0         0      
       cpu.obj                        12     0         0      
    +--+------------------------------+------+---------+---------+
       Total:                         1420   364       0      
                                                              
    C:\Roboteq\ti\ccsv7\tools\compiler\ti-cgt-arm_16.9.0.LTS\lib\rtsv7M4_T_le_v4SPD16_eabi.lib
       memcpy_t2.obj                  156    0         0      
       memset_t2.obj                  122    0         0      
       autoinit.obj                   112    0         0      
       copy_decompress_lzss.obj       104    0         0      
       exit.obj                       84     0         12     
       boot.obj                       84     0         0      
       cpy_tbl.obj                    76     0         0      
       _lock.obj                      20     0         8      
       args_main.obj                  24     0         0      
       copy_decompress_none.obj       14     0         0      
       copy_zero_init.obj             12     0         0      
       pre_init.obj                   4      0         0      
       stkdepth_vars.obj              0      0         4      
       mpu_init.obj                   2      0         0      
       startup.obj                    2      0         0      
    +--+------------------------------+------+---------+---------+
       Total:                         816    0         24     
                                                              
       Stack:                         0      0         512    
       Linker Generated:              0      68        0      
    +--+------------------------------+------+---------+---------+
       Grand Total:                   4304   1052      599    


LINKER GENERATED COPY TABLES

__TI_cinit_table @ 000014e8 records: 2, size/record: 8, table size: 16
	.data: load addr=000014b0, load size=00000020 bytes, run addr=20000200, run size=0000004c bytes, compression=lzss
	.bss: load addr=000014e0, load size=00000008 bytes, run addr=2000024c, run size=0000000c bytes, compression=zero_init


LINKER GENERATED HANDLER TABLE

__TI_handler_table @ 000014d0 records: 3, size/record: 4, table size: 12
	index: 0, handler: __TI_decompress_lzss
	index: 1, handler: __TI_decompress_none
	index: 2, handler: __TI_zero_init


GLOBAL SYMBOLS: SORTED ALPHABETICALLY BY Name 

address   name                           
-------   ----                           
000002cb  AutomaticMode                  
000010b9  C$$EXIT                        
000012f3  CPUcpsie                       
000011d5  GPIODirModeSet                 
00000a75  GPIOPadConfigSet               
00001159  GPIOPinConfigure               
0000132b  GPIOPinRead                    
00001281  GPIOPinTypePWM                 
00000f35  IntEnable                      
000012b7  IntMasterEnable                
0000028b  ManualBlueController           
000002ab  ManualGreenController          
0000026d  ManualRedController            
000011ff  PWMGenConfigure                
000012ff  PWMGenEnable                   
000012c7  PWMGenPeriodSet                
00001293  PWMOutputState                 
00001221  PWMPulseWidthSet               
00001317  ResetISR                       
UNDEFED   SHT$$INIT_ARRAY$$Base          
UNDEFED   SHT$$INIT_ARRAY$$Limit         
00000ba9  SysCtlClockGet                 
00000cb9  SysCtlClockSet                 
00001331  SysCtlDelay                    
00001259  SysCtlPWMClockSet              
000011a1  SysCtlPeripheralEnable         
00000945  Timer0IntHandler               
00001005  TimerConfigure                 
000012d7  TimerEnable                    
00001337  TimerIntClear                  
00001323  TimerIntEnable                 
000012a5  TimerLoadSet                   
20000200  __STACK_END                    
00000200  __STACK_SIZE                   
20000200  __STACK_TOP                    
000014e8  __TI_CINIT_Base                
000014f8  __TI_CINIT_Limit               
000014d0  __TI_Handler_Table_Base        
000014dc  __TI_Handler_Table_Limit       
00000ec5  __TI_auto_init                 
20000234  __TI_cleanup_ptr               
00000f9d  __TI_decompress_lzss           
000012e5  __TI_decompress_none           
20000238  __TI_dtors_ptr                 
2000023c  __TI_enable_exit_profile_output
ffffffff  __TI_pprof_out_hndl            
ffffffff  __TI_prof_data_size            
ffffffff  __TI_prof_data_start           
00000000  __TI_static_base__             
0000130b  __TI_zero_init                 
00000e49  __aeabi_memclr                 
00000e49  __aeabi_memclr4                
00000e49  __aeabi_memclr8                
00000dad  __aeabi_memcpy                 
00000dad  __aeabi_memcpy4                
00000dad  __aeabi_memcpy8                
00000e4b  __aeabi_memset                 
00000e4b  __aeabi_memset4                
00000e4b  __aeabi_memset8                
ffffffff  __binit__                      
ffffffff  __c_args__                     
00000ba7  __mpu_init                     
20000000  __stack                        
00001241  _args_main                     
00001065  _c_int00                       
20000240  _lock                          
0000127b  _nop                           
00001273  _register_lock                 
0000126d  _register_unlock               
00000ec3  _system_post_cinit             
0000133b  _system_pre_init               
20000244  _unlock                        
000010bd  abort                          
ffffffff  binit                          
0000110d  copy_in                        
20000210  count1                         
20000214  count2                         
2000022c  counterForClearing             
20000200  currState                      
20000201  currentState                   
20000202  currentState1                  
20000204  delayCount                     
00000489  detectKey1Press                
00000565  detectKey2Press                
000010c5  exit                           
20000208  flag                           
2000020c  flag1                          
00000000  g_pfnVectors                   
00000649  main                           
20000248  main_func_sp                   
00000dad  memcpy                         
00000e51  memset                         
2000021c  sw1longPress                   
20000218  sw1shortPress                  
20000228  sw1shortPressCounter           
20000224  sw2longPress                   
20000220  sw2shortPress                  
2000024c  ui32Load                       
20000250  ui32PWMClock                   
20000254  ui32Period                     
20000232  ui8AdjustB                     
20000231  ui8AdjustG                     
20000230  ui8AdjustR                     


GLOBAL SYMBOLS: SORTED BY Symbol Address 

address   name                           
-------   ----                           
00000000  __TI_static_base__             
00000000  g_pfnVectors                   
00000200  __STACK_SIZE                   
0000026d  ManualRedController            
0000028b  ManualBlueController           
000002ab  ManualGreenController          
000002cb  AutomaticMode                  
00000489  detectKey1Press                
00000565  detectKey2Press                
00000649  main                           
00000945  Timer0IntHandler               
00000a75  GPIOPadConfigSet               
00000ba7  __mpu_init                     
00000ba9  SysCtlClockGet                 
00000cb9  SysCtlClockSet                 
00000dad  __aeabi_memcpy                 
00000dad  __aeabi_memcpy4                
00000dad  __aeabi_memcpy8                
00000dad  memcpy                         
00000e49  __aeabi_memclr                 
00000e49  __aeabi_memclr4                
00000e49  __aeabi_memclr8                
00000e4b  __aeabi_memset                 
00000e4b  __aeabi_memset4                
00000e4b  __aeabi_memset8                
00000e51  memset                         
00000ec3  _system_post_cinit             
00000ec5  __TI_auto_init                 
00000f35  IntEnable                      
00000f9d  __TI_decompress_lzss           
00001005  TimerConfigure                 
00001065  _c_int00                       
000010b9  C$$EXIT                        
000010bd  abort                          
000010c5  exit                           
0000110d  copy_in                        
00001159  GPIOPinConfigure               
000011a1  SysCtlPeripheralEnable         
000011d5  GPIODirModeSet                 
000011ff  PWMGenConfigure                
00001221  PWMPulseWidthSet               
00001241  _args_main                     
00001259  SysCtlPWMClockSet              
0000126d  _register_unlock               
00001273  _register_lock                 
0000127b  _nop                           
00001281  GPIOPinTypePWM                 
00001293  PWMOutputState                 
000012a5  TimerLoadSet                   
000012b7  IntMasterEnable                
000012c7  PWMGenPeriodSet                
000012d7  TimerEnable                    
000012e5  __TI_decompress_none           
000012f3  CPUcpsie                       
000012ff  PWMGenEnable                   
0000130b  __TI_zero_init                 
00001317  ResetISR                       
00001323  TimerIntEnable                 
0000132b  GPIOPinRead                    
00001331  SysCtlDelay                    
00001337  TimerIntClear                  
0000133b  _system_pre_init               
000014d0  __TI_Handler_Table_Base        
000014dc  __TI_Handler_Table_Limit       
000014e8  __TI_CINIT_Base                
000014f8  __TI_CINIT_Limit               
20000000  __stack                        
20000200  __STACK_END                    
20000200  __STACK_TOP                    
20000200  currState                      
20000201  currentState                   
20000202  currentState1                  
20000204  delayCount                     
20000208  flag                           
2000020c  flag1                          
20000210  count1                         
20000214  count2                         
20000218  sw1shortPress                  
2000021c  sw1longPress                   
20000220  sw2shortPress                  
20000224  sw2longPress                   
20000228  sw1shortPressCounter           
2000022c  counterForClearing             
20000230  ui8AdjustR                     
20000231  ui8AdjustG                     
20000232  ui8AdjustB                     
20000234  __TI_cleanup_ptr               
20000238  __TI_dtors_ptr                 
2000023c  __TI_enable_exit_profile_output
20000240  _lock                          
20000244  _unlock                        
20000248  main_func_sp                   
2000024c  ui32Load                       
20000250  ui32PWMClock                   
20000254  ui32Period                     
ffffffff  __TI_pprof_out_hndl            
ffffffff  __TI_prof_data_size            
ffffffff  __TI_prof_data_start           
ffffffff  __binit__                      
ffffffff  __c_args__                     
ffffffff  binit                          
UNDEFED   SHT$$INIT_ARRAY$$Base          
UNDEFED   SHT$$INIT_ARRAY$$Limit         

[103 symbols]
