******************************************************************************
                  TI ARM Linker Unix v16.9.6                   
******************************************************************************
>> Linked Wed Jan 17 11:12:57 2018

OUTPUT FILE NAME:   <lab1-3_noint_t1.out>
ENTRY POINT SYMBOL: "_c_int00"  address: 00000751


MEMORY CONFIGURATION

         name            origin    length      used     unused   attr    fill
----------------------  --------  ---------  --------  --------  ----  --------
  FLASH                 00000000   00040000  0000095a  0003f6a6  R  X
  SRAM                  20000000   00008000  00000218  00007de8  RW X


SEGMENT ALLOCATION MAP

run origin  load origin   length   init length attrs members
----------  ----------- ---------- ----------- ----- -------
00000000    00000000    0000095c   0000095c    r-x
  00000000    00000000    0000026c   0000026c    r-- .intvecs
  0000026c    0000026c    000006ca   000006ca    r-x .text
  00000938    00000938    00000024   00000024    r-- .cinit
20000000    20000000    00000218   00000000    rw-
  20000000    20000000    00000200   00000000    rw- .stack
  20000200    20000200    00000018   00000000    rw- .data


SECTION ALLOCATION MAP

 output                                  attributes/
section   page    origin      length       input sections
--------  ----  ----------  ----------   ----------------
.intvecs   0    00000000    0000026c     
                  00000000    0000026c     tm4c123gh6pm_startup_ccs.obj (.intvecs)

.text      0    0000026c    000006ca     
                  0000026c    00000148     lab-1-3_noint.obj (.text)
                  000003b4    00000132     driverlib.lib : gpio.obj (.text:GPIOPadConfigSet)
                  000004e6    00000002     rtsv7M4_T_le_v4SPD16_eabi.lib : mpu_init.obj (.text)
                  000004e8    000000f4     driverlib.lib : sysctl.obj (.text:SysCtlClockSet)
                  000005dc    0000009c     rtsv7M4_T_le_v4SPD16_eabi.lib : memcpy_t2.obj (.text)
                  00000678    00000070                                   : autoinit.obj (.text)
                  000006e8    00000068                                   : copy_decompress_lzss.obj (.text:decompress:lzss)
                  00000750    00000054                                   : boot.obj (.text)
                  000007a4    00000054                                   : exit.obj (.text)
                  000007f8    0000004c                                   : cpy_tbl.obj (.text)
                  00000844    00000034     driverlib.lib : sysctl.obj (.text:SysCtlPeripheralEnable)
                  00000878    0000002a                   : gpio.obj (.text:GPIODirModeSet)
                  000008a2    00000018                   : gpio.obj (.text:GPIOPinTypeGPIOOutput)
                  000008ba    00000002     rtsv7M4_T_le_v4SPD16_eabi.lib : startup.obj (.text)
                  000008bc    00000018                                   : args_main.obj (.text)
                  000008d4    00000014                                   : _lock.obj (.text)
                  000008e8    00000012     driverlib.lib : gpio.obj (.text:GPIOPinTypeGPIOInput)
                  000008fa    0000000e     rtsv7M4_T_le_v4SPD16_eabi.lib : copy_decompress_none.obj (.text:decompress:none)
                  00000908    0000000c     driverlib.lib : gpio.obj (.text:GPIOIntEnable)
                  00000914    0000000c     tm4c123gh6pm_startup_ccs.obj (.text)
                  00000920    00000006     driverlib.lib : gpio.obj (.text:GPIOPinRead)
                  00000926    00000006                   : gpio.obj (.text:GPIOPinWrite)
                  0000092c    00000006                   : sysctl.obj (.text:SysCtlDelay)
                  00000932    00000004     rtsv7M4_T_le_v4SPD16_eabi.lib : pre_init.obj (.text)

.cinit     0    00000938    00000024     
                  00000938    00000011     (.cinit..data.load) [load image, compression = lzss]
                  00000949    00000003     --HOLE-- [fill = 0]
                  0000094c    00000008     (__TI_handler_table)
                  00000954    00000008     (__TI_cinit_table)

.init_array 
*          0    00000000    00000000     UNINITIALIZED

.data      0    20000200    00000018     UNINITIALIZED
                  20000200    0000000c     rtsv7M4_T_le_v4SPD16_eabi.lib : exit.obj (.data:$O1$$)
                  2000020c    00000008                                   : _lock.obj (.data:$O1$$)
                  20000214    00000004                                   : stkdepth_vars.obj (.data)

.stack     0    20000000    00000200     UNINITIALIZED
                  20000000    00000200     --HOLE--

MODULE SUMMARY

       Module                         code   ro data   rw data
       ------                         ----   -------   -------
    ./
       tm4c123gh6pm_startup_ccs.obj   12     620       0      
       lab-1-3_noint.obj              328    0         0      
    +--+------------------------------+------+---------+---------+
       Total:                         340    620       0      
                                                              
    /opt/ti/TivaWare_C_Series-2.1.2.111/driverlib/ccs/Debug/driverlib.lib
       gpio.obj                       414    0         0      
       sysctl.obj                     302    0         0      
    +--+------------------------------+------+---------+---------+
       Total:                         716    0         0      
                                                              
    /opt/ti/ccsv7/tools/compiler/ti-cgt-arm_16.9.6.LTS/lib/rtsv7M4_T_le_v4SPD16_eabi.lib
       memcpy_t2.obj                  156    0         0      
       autoinit.obj                   112    0         0      
       copy_decompress_lzss.obj       104    0         0      
       exit.obj                       84     0         12     
       boot.obj                       84     0         0      
       cpy_tbl.obj                    76     0         0      
       _lock.obj                      20     0         8      
       args_main.obj                  24     0         0      
       copy_decompress_none.obj       14     0         0      
       pre_init.obj                   4      0         0      
       stkdepth_vars.obj              0      0         4      
       mpu_init.obj                   2      0         0      
       startup.obj                    2      0         0      
    +--+------------------------------+------+---------+---------+
       Total:                         682    0         24     
                                                              
       Stack:                         0      0         512    
       Linker Generated:              0      33        0      
    +--+------------------------------+------+---------+---------+
       Grand Total:                   1738   653       536    


LINKER GENERATED COPY TABLES

__TI_cinit_table @ 00000954 records: 1, size/record: 8, table size: 8
	.data: load addr=00000938, load size=00000011 bytes, run addr=20000200, run size=00000018 bytes, compression=lzss


LINKER GENERATED HANDLER TABLE

__TI_handler_table @ 0000094c records: 2, size/record: 4, table size: 8
	index: 0, handler: __TI_decompress_lzss
	index: 1, handler: __TI_decompress_none


GLOBAL SYMBOLS: SORTED ALPHABETICALLY BY Name 

address   name                           
-------   ----                           
000007a5  C$$EXIT                        
00000879  GPIODirModeSet                 
00000909  GPIOIntEnable                  
000003b5  GPIOPadConfigSet               
00000921  GPIOPinRead                    
000008e9  GPIOPinTypeGPIOInput           
000008a3  GPIOPinTypeGPIOOutput          
00000927  GPIOPinWrite                   
00000915  ResetISR                       
UNDEFED   SHT$$INIT_ARRAY$$Base          
UNDEFED   SHT$$INIT_ARRAY$$Limit         
000004e9  SysCtlClockSet                 
0000092d  SysCtlDelay                    
00000845  SysCtlPeripheralEnable         
20000200  __STACK_END                    
00000200  __STACK_SIZE                   
20000200  __STACK_TOP                    
00000954  __TI_CINIT_Base                
0000095c  __TI_CINIT_Limit               
0000094c  __TI_Handler_Table_Base        
00000954  __TI_Handler_Table_Limit       
00000679  __TI_auto_init                 
20000200  __TI_cleanup_ptr               
000006e9  __TI_decompress_lzss           
000008fb  __TI_decompress_none           
20000204  __TI_dtors_ptr                 
20000208  __TI_enable_exit_profile_output
ffffffff  __TI_pprof_out_hndl            
ffffffff  __TI_prof_data_size            
ffffffff  __TI_prof_data_start           
00000000  __TI_static_base__             
000005dd  __aeabi_memcpy                 
000005dd  __aeabi_memcpy4                
000005dd  __aeabi_memcpy8                
ffffffff  __binit__                      
ffffffff  __c_args__                     
000004e7  __mpu_init                     
20000000  __stack                        
000008bd  _args_main                     
00000751  _c_int00                       
2000020c  _lock                          
000008e3  _nop                           
000008db  _register_lock                 
000008d5  _register_unlock               
000008bb  _system_post_cinit             
00000933  _system_pre_init               
20000210  _unlock                        
000007a9  abort                          
ffffffff  binit                          
000007f9  copy_in                        
000007b1  exit                           
00000000  g_pfnVectors                   
000002cf  main                           
20000214  main_func_sp                   
000005dd  memcpy                         
0000027d  pin_config                     
0000026d  setup                          


GLOBAL SYMBOLS: SORTED BY Symbol Address 

address   name                           
-------   ----                           
00000000  __TI_static_base__             
00000000  g_pfnVectors                   
00000200  __STACK_SIZE                   
0000026d  setup                          
0000027d  pin_config                     
000002cf  main                           
000003b5  GPIOPadConfigSet               
000004e7  __mpu_init                     
000004e9  SysCtlClockSet                 
000005dd  __aeabi_memcpy                 
000005dd  __aeabi_memcpy4                
000005dd  __aeabi_memcpy8                
000005dd  memcpy                         
00000679  __TI_auto_init                 
000006e9  __TI_decompress_lzss           
00000751  _c_int00                       
000007a5  C$$EXIT                        
000007a9  abort                          
000007b1  exit                           
000007f9  copy_in                        
00000845  SysCtlPeripheralEnable         
00000879  GPIODirModeSet                 
000008a3  GPIOPinTypeGPIOOutput          
000008bb  _system_post_cinit             
000008bd  _args_main                     
000008d5  _register_unlock               
000008db  _register_lock                 
000008e3  _nop                           
000008e9  GPIOPinTypeGPIOInput           
000008fb  __TI_decompress_none           
00000909  GPIOIntEnable                  
00000915  ResetISR                       
00000921  GPIOPinRead                    
00000927  GPIOPinWrite                   
0000092d  SysCtlDelay                    
00000933  _system_pre_init               
0000094c  __TI_Handler_Table_Base        
00000954  __TI_CINIT_Base                
00000954  __TI_Handler_Table_Limit       
0000095c  __TI_CINIT_Limit               
20000000  __stack                        
20000200  __STACK_END                    
20000200  __STACK_TOP                    
20000200  __TI_cleanup_ptr               
20000204  __TI_dtors_ptr                 
20000208  __TI_enable_exit_profile_output
2000020c  _lock                          
20000210  _unlock                        
20000214  main_func_sp                   
ffffffff  __TI_pprof_out_hndl            
ffffffff  __TI_prof_data_size            
ffffffff  __TI_prof_data_start           
ffffffff  __binit__                      
ffffffff  __c_args__                     
ffffffff  binit                          
UNDEFED   SHT$$INIT_ARRAY$$Base          
UNDEFED   SHT$$INIT_ARRAY$$Limit         

[57 symbols]
