******************************************************************************
                  TI ARM Linker Unix v16.9.6                   
******************************************************************************
>> Linked Wed Feb 14 03:22:18 2018

OUTPUT FILE NAME:   <lab3.out>
ENTRY POINT SYMBOL: "_c_int00"  address: 00000a05


MEMORY CONFIGURATION

         name            origin    length      used     unused   attr    fill
----------------------  --------  ---------  --------  --------  ----  --------
  FLASH                 00000000   00040000  00000dca  0003f236  R  X
  SRAM                  20000000   00008000  00000229  00007dd7  RW X


SEGMENT ALLOCATION MAP

run origin  load origin   length   init length attrs members
----------  ----------- ---------- ----------- ----- -------
00000000    00000000    00000dd0   00000dd0    r-x
  00000000    00000000    0000026c   0000026c    r-- .intvecs
  0000026c    0000026c    00000a2a   00000a2a    r-x .text
  00000c98    00000c98    000000fc   000000fc    r-- .const
  00000d98    00000d98    00000038   00000038    r-- .cinit
20000000    20000000    00000229   00000000    rw-
  20000000    20000000    00000200   00000000    rw- .stack
  20000200    20000200    0000001c   00000000    rw- .data
  2000021c    2000021c    0000000d   00000000    rw- .bss


SECTION ALLOCATION MAP

 output                                  attributes/
section   page    origin      length       input sections
--------  ----  ----------  ----------   ----------------
.intvecs   0    00000000    0000026c     
                  00000000    0000026c     tm4c123gh6pm_startup_ccs.obj (.intvecs)

.text      0    0000026c    00000a2a     
                  0000026c    00000270     main.obj (.text)
                  000004dc    00000132     driverlib.lib : gpio.obj (.text:GPIOPadConfigSet)
                  0000060e    00000002     rtsv7M4_T_le_v4SPD16_eabi.lib : mpu_init.obj (.text)
                  00000610    00000110     driverlib.lib : sysctl.obj (.text:SysCtlClockGet)
                  00000720    000000f4                   : sysctl.obj (.text:SysCtlClockSet)
                  00000814    0000009c     rtsv7M4_T_le_v4SPD16_eabi.lib : memcpy_t2.obj (.text)
                  000008b0    0000007a                                   : memset_t2.obj (.text)
                  0000092a    00000002                                   : startup.obj (.text)
                  0000092c    00000070                                   : autoinit.obj (.text)
                  0000099c    00000068                                   : copy_decompress_lzss.obj (.text:decompress:lzss)
                  00000a04    00000054                                   : boot.obj (.text)
                  00000a58    00000054                                   : exit.obj (.text)
                  00000aac    0000004c                                   : cpy_tbl.obj (.text)
                  00000af8    00000048     driverlib.lib : gpio.obj (.text:GPIOPinConfigure)
                  00000b40    00000034                   : sysctl.obj (.text:SysCtlPeripheralEnable)
                  00000b74    0000002a                   : gpio.obj (.text:GPIODirModeSet)
                  00000b9e    00000022                   : pwm.obj (.text:PWMGenConfigure)
                  00000bc0    0000001e                   : pwm.obj (.text:PWMPulseWidthSet)
                  00000bde    00000002     --HOLE-- [fill = 0]
                  00000be0    00000018     rtsv7M4_T_le_v4SPD16_eabi.lib : args_main.obj (.text)
                  00000bf8    00000014     driverlib.lib : sysctl.obj (.text:SysCtlPWMClockSet)
                  00000c0c    00000014     rtsv7M4_T_le_v4SPD16_eabi.lib : _lock.obj (.text)
                  00000c20    00000012     driverlib.lib : gpio.obj (.text:GPIOPinTypePWM)
                  00000c32    00000012                   : pwm.obj (.text:PWMOutputState)
                  00000c44    00000010                   : pwm.obj (.text:PWMGenPeriodSet)
                  00000c54    0000000e     rtsv7M4_T_le_v4SPD16_eabi.lib : copy_decompress_none.obj (.text:decompress:none)
                  00000c62    0000000c     driverlib.lib : pwm.obj (.text:PWMGenEnable)
                  00000c6e    0000000c     rtsv7M4_T_le_v4SPD16_eabi.lib : copy_zero_init.obj (.text:decompress:ZI)
                  00000c7a    0000000c     tm4c123gh6pm_startup_ccs.obj (.text)
                  00000c86    00000006     driverlib.lib : gpio.obj (.text:GPIOPinRead)
                  00000c8c    00000006                   : sysctl.obj (.text:SysCtlDelay)
                  00000c92    00000004     rtsv7M4_T_le_v4SPD16_eabi.lib : pre_init.obj (.text)

.const     0    00000c98    000000fc     
                  00000c98    00000090     driverlib.lib : gpio.obj (.const:g_pui32GPIOBaseAddrs)
                  00000d28    0000006c                   : sysctl.obj (.const:g_pui32Xtals)

.cinit     0    00000d98    00000038     
                  00000d98    00000014     (.cinit..data.load) [load image, compression = lzss]
                  00000dac    0000000c     (__TI_handler_table)
                  00000db8    00000008     (.cinit..bss.load) [load image, compression = zero_init]
                  00000dc0    00000010     (__TI_cinit_table)

.init_array 
*          0    00000000    00000000     UNINITIALIZED

.data      0    20000200    0000001c     UNINITIALIZED
                  20000200    0000000c     rtsv7M4_T_le_v4SPD16_eabi.lib : exit.obj (.data:$O1$$)
                  2000020c    00000008                                   : _lock.obj (.data:$O1$$)
                  20000214    00000004     main.obj (.data)
                  20000218    00000004     rtsv7M4_T_le_v4SPD16_eabi.lib : stkdepth_vars.obj (.data)

.bss       0    2000021c    0000000d     UNINITIALIZED
                  2000021c    00000004     (.common:ui32Load)
                  20000220    00000004     (.common:ui32PWMClock)
                  20000224    00000002     (.common:count0)
                  20000226    00000002     (.common:count4)
                  20000228    00000001     (.common:ui8Adjust)

.stack     0    20000000    00000200     UNINITIALIZED
                  20000000    00000200     --HOLE--

MODULE SUMMARY

       Module                         code   ro data   rw data
       ------                         ----   -------   -------
    ./
       main.obj                       624    0         17     
       tm4c123gh6pm_startup_ccs.obj   12     620       0      
    +--+------------------------------+------+---------+---------+
       Total:                         636    620       17     
                                                              
    /home/ajay/ti/SW-TM4C-2.1.4.178/driverlib/ccs/Debug/driverlib.lib
       sysctl.obj                     594    108       0      
       gpio.obj                       444    144       0      
       pwm.obj                        110    0         0      
    +--+------------------------------+------+---------+---------+
       Total:                         1148   252       0      
                                                              
    /home/ajay/ti/ccsv7/tools/compiler/ti-cgt-arm_16.9.6.LTS/lib/rtsv7M4_T_le_v4SPD16_eabi.lib
       memcpy_t2.obj                  156    0         0      
       memset_t2.obj                  122    0         0      
       autoinit.obj                   112    0         0      
       copy_decompress_lzss.obj       104    0         0      
       exit.obj                       84     0         12     
       boot.obj                       84     0         0      
       cpy_tbl.obj                    76     0         0      
       _lock.obj                      20     0         8      
       args_main.obj                  24     0         0      
       copy_decompress_none.obj       14     0         0      
       copy_zero_init.obj             12     0         0      
       pre_init.obj                   4      0         0      
       stkdepth_vars.obj              0      0         4      
       mpu_init.obj                   2      0         0      
       startup.obj                    2      0         0      
    +--+------------------------------+------+---------+---------+
       Total:                         816    0         24     
                                                              
       Stack:                         0      0         512    
       Linker Generated:              0      56        0      
    +--+------------------------------+------+---------+---------+
       Grand Total:                   2600   928       553    


LINKER GENERATED COPY TABLES

__TI_cinit_table @ 00000dc0 records: 2, size/record: 8, table size: 16
	.data: load addr=00000d98, load size=00000014 bytes, run addr=20000200, run size=0000001c bytes, compression=lzss
	.bss: load addr=00000db8, load size=00000008 bytes, run addr=2000021c, run size=0000000d bytes, compression=zero_init


LINKER GENERATED HANDLER TABLE

__TI_handler_table @ 00000dac records: 3, size/record: 4, table size: 12
	index: 0, handler: __TI_decompress_lzss
	index: 1, handler: __TI_decompress_none
	index: 2, handler: __TI_zero_init


GLOBAL SYMBOLS: SORTED ALPHABETICALLY BY Name 

address   name                           
-------   ----                           
00000a59  C$$EXIT                        
00000b75  GPIODirModeSet                 
000004dd  GPIOPadConfigSet               
00000af9  GPIOPinConfigure               
00000c87  GPIOPinRead                    
00000c21  GPIOPinTypePWM                 
00000b9f  PWMGenConfigure                
00000c63  PWMGenEnable                   
00000c45  PWMGenPeriodSet                
00000c33  PWMOutputState                 
00000bc1  PWMPulseWidthSet               
0000033d  PWM_Work                       
00000c7b  ResetISR                       
UNDEFED   SHT$$INIT_ARRAY$$Base          
UNDEFED   SHT$$INIT_ARRAY$$Limit         
00000611  SysCtlClockGet                 
00000721  SysCtlClockSet                 
00000c8d  SysCtlDelay                    
00000bf9  SysCtlPWMClockSet              
00000b41  SysCtlPeripheralEnable         
20000200  __STACK_END                    
00000200  __STACK_SIZE                   
20000200  __STACK_TOP                    
00000dc0  __TI_CINIT_Base                
00000dd0  __TI_CINIT_Limit               
00000dac  __TI_Handler_Table_Base        
00000db8  __TI_Handler_Table_Limit       
0000092d  __TI_auto_init                 
20000200  __TI_cleanup_ptr               
0000099d  __TI_decompress_lzss           
00000c55  __TI_decompress_none           
20000204  __TI_dtors_ptr                 
20000208  __TI_enable_exit_profile_output
ffffffff  __TI_pprof_out_hndl            
ffffffff  __TI_prof_data_size            
ffffffff  __TI_prof_data_start           
00000000  __TI_static_base__             
00000c6f  __TI_zero_init                 
000008b1  __aeabi_memclr                 
000008b1  __aeabi_memclr4                
000008b1  __aeabi_memclr8                
00000815  __aeabi_memcpy                 
00000815  __aeabi_memcpy4                
00000815  __aeabi_memcpy8                
000008b3  __aeabi_memset                 
000008b3  __aeabi_memset4                
000008b3  __aeabi_memset8                
ffffffff  __binit__                      
ffffffff  __c_args__                     
0000060f  __mpu_init                     
20000000  __stack                        
00000be1  _args_main                     
00000a05  _c_int00                       
2000020c  _lock                          
00000c1b  _nop                           
00000c13  _register_lock                 
00000c0d  _register_unlock               
0000092b  _system_post_cinit             
00000c93  _system_pre_init               
20000210  _unlock                        
00000a5d  abort                          
ffffffff  binit                          
00000aad  copy_in                        
20000224  count0                         
20000226  count4                         
000002d5  detectKeyPress0                
0000026d  detectKeyPress4                
00000a65  exit                           
20000217  flag0                          
20000215  flag4                          
00000000  g_pfnVectors                   
000003c3  main                           
20000218  main_func_sp                   
00000815  memcpy                         
000008b9  memset                         
20000216  state0                         
20000214  state4                         
2000021c  ui32Load                       
20000220  ui32PWMClock                   
20000228  ui8Adjust                      


GLOBAL SYMBOLS: SORTED BY Symbol Address 

address   name                           
-------   ----                           
00000000  __TI_static_base__             
00000000  g_pfnVectors                   
00000200  __STACK_SIZE                   
0000026d  detectKeyPress4                
000002d5  detectKeyPress0                
0000033d  PWM_Work                       
000003c3  main                           
000004dd  GPIOPadConfigSet               
0000060f  __mpu_init                     
00000611  SysCtlClockGet                 
00000721  SysCtlClockSet                 
00000815  __aeabi_memcpy                 
00000815  __aeabi_memcpy4                
00000815  __aeabi_memcpy8                
00000815  memcpy                         
000008b1  __aeabi_memclr                 
000008b1  __aeabi_memclr4                
000008b1  __aeabi_memclr8                
000008b3  __aeabi_memset                 
000008b3  __aeabi_memset4                
000008b3  __aeabi_memset8                
000008b9  memset                         
0000092b  _system_post_cinit             
0000092d  __TI_auto_init                 
0000099d  __TI_decompress_lzss           
00000a05  _c_int00                       
00000a59  C$$EXIT                        
00000a5d  abort                          
00000a65  exit                           
00000aad  copy_in                        
00000af9  GPIOPinConfigure               
00000b41  SysCtlPeripheralEnable         
00000b75  GPIODirModeSet                 
00000b9f  PWMGenConfigure                
00000bc1  PWMPulseWidthSet               
00000be1  _args_main                     
00000bf9  SysCtlPWMClockSet              
00000c0d  _register_unlock               
00000c13  _register_lock                 
00000c1b  _nop                           
00000c21  GPIOPinTypePWM                 
00000c33  PWMOutputState                 
00000c45  PWMGenPeriodSet                
00000c55  __TI_decompress_none           
00000c63  PWMGenEnable                   
00000c6f  __TI_zero_init                 
00000c7b  ResetISR                       
00000c87  GPIOPinRead                    
00000c8d  SysCtlDelay                    
00000c93  _system_pre_init               
00000dac  __TI_Handler_Table_Base        
00000db8  __TI_Handler_Table_Limit       
00000dc0  __TI_CINIT_Base                
00000dd0  __TI_CINIT_Limit               
20000000  __stack                        
20000200  __STACK_END                    
20000200  __STACK_TOP                    
20000200  __TI_cleanup_ptr               
20000204  __TI_dtors_ptr                 
20000208  __TI_enable_exit_profile_output
2000020c  _lock                          
20000210  _unlock                        
20000214  state4                         
20000215  flag4                          
20000216  state0                         
20000217  flag0                          
20000218  main_func_sp                   
2000021c  ui32Load                       
20000220  ui32PWMClock                   
20000224  count0                         
20000226  count4                         
20000228  ui8Adjust                      
ffffffff  __TI_pprof_out_hndl            
ffffffff  __TI_prof_data_size            
ffffffff  __TI_prof_data_start           
ffffffff  __binit__                      
ffffffff  __c_args__                     
ffffffff  binit                          
UNDEFED   SHT$$INIT_ARRAY$$Base          
UNDEFED   SHT$$INIT_ARRAY$$Limit         

[80 symbols]
