******************************************************************************
                  TI ARM Linker Unix v16.9.6                   
******************************************************************************
>> Linked Wed Feb 14 03:40:59 2018

OUTPUT FILE NAME:   <lab5_p1_t2.out>
ENTRY POINT SYMBOL: "_c_int00"  address: 00000ee9


MEMORY CONFIGURATION

         name            origin    length      used     unused   attr    fill
----------------------  --------  ---------  --------  --------  ----  --------
  FLASH                 00000000   00040000  00001700  0003e900  R  X
  SRAM                  20000000   00008000  00000240  00007dc0  RW X


SEGMENT ALLOCATION MAP

run origin  load origin   length   init length attrs members
----------  ----------- ---------- ----------- ----- -------
00000000    00000000    00001700   00001700    r-x
  00000000    00000000    0000026c   0000026c    r-- .intvecs
  0000026c    0000026c    00000f78   00000f78    r-x .text
  000011e4    000011e4    000004dc   000004dc    r-- .const
  000016c0    000016c0    00000040   00000040    r-- .cinit
20000000    20000000    00000240   00000000    rw-
  20000000    20000000    00000200   00000000    rw- .stack
  20000200    20000200    00000020   00000000    rw- .bss
  20000220    20000220    00000020   00000000    rw- .data


SECTION ALLOCATION MAP

 output                                  attributes/
section   page    origin      length       input sections
--------  ----  ----------  ----------   ----------------
.intvecs   0    00000000    0000026c     
                  00000000    0000026c     tm4c123gh6pm_startup_ccs.obj (.intvecs)

.text      0    0000026c    00000f78     
                  0000026c    00000614     main.obj (.text)
                  00000880    00000132     driverlib.lib : gpio.obj (.text:GPIOPadConfigSet)
                  000009b2    00000002     rtsv7M4_T_le_v4SPD16_eabi.lib : mpu_init.obj (.text)
                  000009b4    00000110     driverlib.lib : sysctl.obj (.text:SysCtlClockGet)
                  00000ac4    000000f4                   : sysctl.obj (.text:SysCtlClockSet)
                  00000bb8    0000009c     rtsv7M4_T_le_v4SPD16_eabi.lib : memcpy_t2.obj (.text)
                  00000c54    0000007a     driverlib.lib : adc.obj (.text:ADCSequenceStepConfigure)
                  00000cce    0000007a     rtsv7M4_T_le_v4SPD16_eabi.lib : memset_t2.obj (.text)
                  00000d48    00000070                                   : autoinit.obj (.text)
                  00000db8    00000068     driverlib.lib : interrupt.obj (.text:IntEnable)
                  00000e20    00000068     rtsv7M4_T_le_v4SPD16_eabi.lib : copy_decompress_lzss.obj (.text:decompress:lzss)
                  00000e88    00000060     driverlib.lib : timer.obj (.text:TimerConfigure)
                  00000ee8    00000054     rtsv7M4_T_le_v4SPD16_eabi.lib : boot.obj (.text)
                  00000f3c    00000054                                   : exit.obj (.text)
                  00000f90    0000004c                                   : cpy_tbl.obj (.text)
                  00000fdc    0000003e     driverlib.lib : adc.obj (.text:ADCSequenceConfigure)
                  0000101a    00000002     rtsv7M4_T_le_v4SPD16_eabi.lib : startup.obj (.text)
                  0000101c    00000034     driverlib.lib : sysctl.obj (.text:SysCtlPeripheralEnable)
                  00001050    0000002e                   : adc.obj (.text:ADCIntStatus)
                  0000107e    0000002a                   : gpio.obj (.text:GPIODirModeSet)
                  000010a8    0000001e                   : adc.obj (.text:ADCSequenceDataGet)
                  000010c6    00000018                   : adc.obj (.text:ADCProcessorTrigger)
                  000010de    00000018                   : gpio.obj (.text:GPIOPinTypeGPIOOutput)
                  000010f6    00000002     --HOLE-- [fill = 0]
                  000010f8    00000018                   : timer.obj (.text:TimerDisable)
                  00001110    00000018     rtsv7M4_T_le_v4SPD16_eabi.lib : args_main.obj (.text)
                  00001128    00000014                                   : _lock.obj (.text)
                  0000113c    00000012     driverlib.lib : gpio.obj (.text:GPIOPinTypeADC)
                  0000114e    00000012                   : timer.obj (.text:TimerLoadSet)
                  00001160    00000010                   : interrupt.obj (.text:IntMasterEnable)
                  00001170    0000000e                   : adc.obj (.text:ADCSequenceEnable)
                  0000117e    0000000e                   : timer.obj (.text:TimerEnable)
                  0000118c    0000000e     rtsv7M4_T_le_v4SPD16_eabi.lib : copy_decompress_none.obj (.text:decompress:none)
                  0000119a    0000000c     driverlib.lib : cpu.obj (.text:CPUcpsie)
                  000011a6    0000000c     rtsv7M4_T_le_v4SPD16_eabi.lib : copy_zero_init.obj (.text:decompress:ZI)
                  000011b2    0000000c     tm4c123gh6pm_startup_ccs.obj (.text)
                  000011be    0000000a     driverlib.lib : adc.obj (.text:ADCIntClear)
                  000011c8    00000008                   : timer.obj (.text:TimerIntEnable)
                  000011d0    00000006                   : gpio.obj (.text:GPIOPinWrite)
                  000011d6    00000006                   : sysctl.obj (.text:SysCtlDelay)
                  000011dc    00000004                   : timer.obj (.text:TimerIntClear)
                  000011e0    00000004     rtsv7M4_T_le_v4SPD16_eabi.lib : pre_init.obj (.text)

.const     0    000011e4    000004dc     
                  000011e4    00000400     main.obj (.const:.string:mickey)
                  000015e4    00000070     driverlib.lib : interrupt.obj (.const)
                  00001654    0000006c                   : sysctl.obj (.const:g_pui32Xtals)

.cinit     0    000016c0    00000040     
                  000016c0    00000015     (.cinit..data.load) [load image, compression = lzss]
                  000016d5    00000003     --HOLE-- [fill = 0]
                  000016d8    0000000c     (__TI_handler_table)
                  000016e4    00000004     --HOLE-- [fill = 0]
                  000016e8    00000008     (.cinit..bss.load) [load image, compression = zero_init]
                  000016f0    00000010     (__TI_cinit_table)

.init_array 
*          0    00000000    00000000     UNINITIALIZED

.bss       0    20000200    00000020     UNINITIALIZED
                  20000200    00000010     (.common:ui32ADC0ValueSeq1)
                  20000210    00000010     (.common:ui32ADC0ValueSeq2)

.data      0    20000220    00000020     UNINITIALIZED
                  20000220    0000000c     rtsv7M4_T_le_v4SPD16_eabi.lib : exit.obj (.data:$O1$$)
                  2000022c    00000008                                   : _lock.obj (.data:$O1$$)
                  20000234    00000008     main.obj (.data)
                  2000023c    00000004     rtsv7M4_T_le_v4SPD16_eabi.lib : stkdepth_vars.obj (.data)

.stack     0    20000000    00000200     UNINITIALIZED
                  20000000    00000200     --HOLE--

MODULE SUMMARY

       Module                         code   ro data   rw data
       ------                         ----   -------   -------
    ./
       main.obj                       1556   1024      40     
       tm4c123gh6pm_startup_ccs.obj   12     620       0      
    +--+------------------------------+------+---------+---------+
       Total:                         1568   1644      40     
                                                              
    /opt/ti/TivaWare_C_Series-2.1.2.111/driverlib/ccs/Debug/driverlib.lib
       sysctl.obj                     574    108       0      
       gpio.obj                       396    0         0      
       adc.obj                        308    0         0      
       interrupt.obj                  120    112       0      
       timer.obj                      164    0         0      
       cpu.obj                        12     0         0      
    +--+------------------------------+------+---------+---------+
       Total:                         1574   220       0      
                                                              
    /opt/ti/ccsv7/tools/compiler/ti-cgt-arm_16.9.6.LTS/lib/rtsv7M4_T_le_v4SPD16_eabi.lib
       memcpy_t2.obj                  156    0         0      
       memset_t2.obj                  122    0         0      
       autoinit.obj                   112    0         0      
       copy_decompress_lzss.obj       104    0         0      
       exit.obj                       84     0         12     
       boot.obj                       84     0         0      
       cpy_tbl.obj                    76     0         0      
       _lock.obj                      20     0         8      
       args_main.obj                  24     0         0      
       copy_decompress_none.obj       14     0         0      
       copy_zero_init.obj             12     0         0      
       pre_init.obj                   4      0         0      
       stkdepth_vars.obj              0      0         4      
       mpu_init.obj                   2      0         0      
       startup.obj                    2      0         0      
    +--+------------------------------+------+---------+---------+
       Total:                         816    0         24     
                                                              
       Stack:                         0      0         512    
       Linker Generated:              0      57        0      
    +--+------------------------------+------+---------+---------+
       Grand Total:                   3958   1921      576    


LINKER GENERATED COPY TABLES

__TI_cinit_table @ 000016f0 records: 2, size/record: 8, table size: 16
	.data: load addr=000016c0, load size=00000015 bytes, run addr=20000220, run size=00000020 bytes, compression=lzss
	.bss: load addr=000016e8, load size=00000008 bytes, run addr=20000200, run size=00000020 bytes, compression=zero_init


LINKER GENERATED HANDLER TABLE

__TI_handler_table @ 000016d8 records: 3, size/record: 4, table size: 12
	index: 0, handler: __TI_decompress_lzss
	index: 1, handler: __TI_decompress_none
	index: 2, handler: __TI_zero_init


GLOBAL SYMBOLS: SORTED ALPHABETICALLY BY Name 

address   name                           
-------   ----                           
000011bf  ADCIntClear                    
00001051  ADCIntStatus                   
000010c7  ADCProcessorTrigger            
00000fdd  ADCSequenceConfigure           
000010a9  ADCSequenceDataGet             
00001171  ADCSequenceEnable              
00000c55  ADCSequenceStepConfigure       
00000f3d  C$$EXIT                        
0000119b  CPUcpsie                       
0000107f  GPIODirModeSet                 
00000881  GPIOPadConfigSet               
0000113d  GPIOPinTypeADC                 
000010df  GPIOPinTypeGPIOOutput          
000011d1  GPIOPinWrite                   
00000db9  IntEnable                      
00001161  IntMasterEnable                
20000234  JoyStick_Horizontal_ADC_Value  
20000238  JoyStick_Vertical_ADC_Value    
000006ad  Joystick_read                  
000011b3  ResetISR                       
UNDEFED   SHT$$INIT_ARRAY$$Base          
UNDEFED   SHT$$INIT_ARRAY$$Limit         
000009b5  SysCtlClockGet                 
00000ac5  SysCtlClockSet                 
000011d7  SysCtlDelay                    
0000101d  SysCtlPeripheralEnable         
00000739  Timer0IntHandler               
00000e89  TimerConfigure                 
000010f9  TimerDisable                   
0000117f  TimerEnable                    
000011dd  TimerIntClear                  
000011c9  TimerIntEnable                 
0000114f  TimerLoadSet                   
20000200  __STACK_END                    
00000200  __STACK_SIZE                   
20000200  __STACK_TOP                    
000016f0  __TI_CINIT_Base                
00001700  __TI_CINIT_Limit               
000016d8  __TI_Handler_Table_Base        
000016e4  __TI_Handler_Table_Limit       
00000d49  __TI_auto_init                 
20000220  __TI_cleanup_ptr               
00000e21  __TI_decompress_lzss           
0000118d  __TI_decompress_none           
20000224  __TI_dtors_ptr                 
20000228  __TI_enable_exit_profile_output
ffffffff  __TI_pprof_out_hndl            
ffffffff  __TI_prof_data_size            
ffffffff  __TI_prof_data_start           
00000000  __TI_static_base__             
000011a7  __TI_zero_init                 
00000ccf  __aeabi_memclr                 
00000ccf  __aeabi_memclr4                
00000ccf  __aeabi_memclr8                
00000bb9  __aeabi_memcpy                 
00000bb9  __aeabi_memcpy4                
00000bb9  __aeabi_memcpy8                
00000cd1  __aeabi_memset                 
00000cd1  __aeabi_memset4                
00000cd1  __aeabi_memset8                
ffffffff  __binit__                      
ffffffff  __c_args__                     
000009b3  __mpu_init                     
20000000  __stack                        
00001111  _args_main                     
00000ee9  _c_int00                       
2000022c  _lock                          
00001137  _nop                           
0000112f  _register_lock                 
00001129  _register_unlock               
0000101b  _system_post_cinit             
000011e1  _system_pre_init               
20000230  _unlock                        
00000f41  abort                          
000005c1  adc_init                       
ffffffff  binit                          
00000f91  copy_in                        
00000f49  exit                           
00000000  g_pfnVectors                   
000004bf  glcd_DisplayImage              
0000053b  glcd_DisplayImage_Ref          
00000481  glcd_DisplayLineP1             
00000427  glcd_cleardisplay              
0000026d  glcd_cmd                       
000002c7  glcd_data                      
00000321  glcd_init                      
000003d5  glcd_setcolumn                 
00000391  glcd_setpage                   
00000759  main                           
2000023c  main_func_sp                   
00000bb9  memcpy                         
00000cd7  memset                         
000011e4  mickey                         
00000665  timer0_init                    
20000200  ui32ADC0ValueSeq1              
20000210  ui32ADC0ValueSeq2              


GLOBAL SYMBOLS: SORTED BY Symbol Address 

address   name                           
-------   ----                           
00000000  __TI_static_base__             
00000000  g_pfnVectors                   
00000200  __STACK_SIZE                   
0000026d  glcd_cmd                       
000002c7  glcd_data                      
00000321  glcd_init                      
00000391  glcd_setpage                   
000003d5  glcd_setcolumn                 
00000427  glcd_cleardisplay              
00000481  glcd_DisplayLineP1             
000004bf  glcd_DisplayImage              
0000053b  glcd_DisplayImage_Ref          
000005c1  adc_init                       
00000665  timer0_init                    
000006ad  Joystick_read                  
00000739  Timer0IntHandler               
00000759  main                           
00000881  GPIOPadConfigSet               
000009b3  __mpu_init                     
000009b5  SysCtlClockGet                 
00000ac5  SysCtlClockSet                 
00000bb9  __aeabi_memcpy                 
00000bb9  __aeabi_memcpy4                
00000bb9  __aeabi_memcpy8                
00000bb9  memcpy                         
00000c55  ADCSequenceStepConfigure       
00000ccf  __aeabi_memclr                 
00000ccf  __aeabi_memclr4                
00000ccf  __aeabi_memclr8                
00000cd1  __aeabi_memset                 
00000cd1  __aeabi_memset4                
00000cd1  __aeabi_memset8                
00000cd7  memset                         
00000d49  __TI_auto_init                 
00000db9  IntEnable                      
00000e21  __TI_decompress_lzss           
00000e89  TimerConfigure                 
00000ee9  _c_int00                       
00000f3d  C$$EXIT                        
00000f41  abort                          
00000f49  exit                           
00000f91  copy_in                        
00000fdd  ADCSequenceConfigure           
0000101b  _system_post_cinit             
0000101d  SysCtlPeripheralEnable         
00001051  ADCIntStatus                   
0000107f  GPIODirModeSet                 
000010a9  ADCSequenceDataGet             
000010c7  ADCProcessorTrigger            
000010df  GPIOPinTypeGPIOOutput          
000010f9  TimerDisable                   
00001111  _args_main                     
00001129  _register_unlock               
0000112f  _register_lock                 
00001137  _nop                           
0000113d  GPIOPinTypeADC                 
0000114f  TimerLoadSet                   
00001161  IntMasterEnable                
00001171  ADCSequenceEnable              
0000117f  TimerEnable                    
0000118d  __TI_decompress_none           
0000119b  CPUcpsie                       
000011a7  __TI_zero_init                 
000011b3  ResetISR                       
000011bf  ADCIntClear                    
000011c9  TimerIntEnable                 
000011d1  GPIOPinWrite                   
000011d7  SysCtlDelay                    
000011dd  TimerIntClear                  
000011e1  _system_pre_init               
000011e4  mickey                         
000016d8  __TI_Handler_Table_Base        
000016e4  __TI_Handler_Table_Limit       
000016f0  __TI_CINIT_Base                
00001700  __TI_CINIT_Limit               
20000000  __stack                        
20000200  __STACK_END                    
20000200  __STACK_TOP                    
20000200  ui32ADC0ValueSeq1              
20000210  ui32ADC0ValueSeq2              
20000220  __TI_cleanup_ptr               
20000224  __TI_dtors_ptr                 
20000228  __TI_enable_exit_profile_output
2000022c  _lock                          
20000230  _unlock                        
20000234  JoyStick_Horizontal_ADC_Value  
20000238  JoyStick_Vertical_ADC_Value    
2000023c  main_func_sp                   
ffffffff  __TI_pprof_out_hndl            
ffffffff  __TI_prof_data_size            
ffffffff  __TI_prof_data_start           
ffffffff  __binit__                      
ffffffff  __c_args__                     
ffffffff  binit                          
UNDEFED   SHT$$INIT_ARRAY$$Base          
UNDEFED   SHT$$INIT_ARRAY$$Limit         

[96 symbols]
